Archive member included to satisfy reference by file (symbol)

C:\Users\Emilie1\Documents\MCUXpressoIDE_10.0.2_411\workspace\lpc_board_ea_devkit_4088\Debug\liblpc_board_ea_devkit_4088.a(board.o)
                              ./example/src/hid_main.o (Board_Init)
C:\Users\Emilie1\Documents\MCUXpressoIDE_10.0.2_411\workspace\lpc_board_ea_devkit_4088\Debug\liblpc_board_ea_devkit_4088.a(board_sysinit.o)
                              ./example/src/sysinit.o (Board_SystemInit)
C:\Users\Emilie1\Documents\MCUXpressoIDE_10.0.2_411\workspace\lpc_board_ea_devkit_4088\Debug\liblpc_board_ea_devkit_4088.a(uda1380.o)
                              C:\Users\Emilie1\Documents\MCUXpressoIDE_10.0.2_411\workspace\lpc_board_ea_devkit_4088\Debug\liblpc_board_ea_devkit_4088.a(board.o) (UDA1380_Init)
C:\Users\Emilie1\Documents\MCUXpressoIDE_10.0.2_411\workspace\lpc_chip_40xx\Debug\liblpc_chip_40xx.a(chip_17xx_40xx.o)
                              ./example/src/hid_main.o (SystemCoreClockUpdate)
C:\Users\Emilie1\Documents\MCUXpressoIDE_10.0.2_411\workspace\lpc_chip_40xx\Debug\liblpc_chip_40xx.a(clock_17xx_40xx.o)
                              C:\Users\Emilie1\Documents\MCUXpressoIDE_10.0.2_411\workspace\lpc_chip_40xx\Debug\liblpc_chip_40xx.a(chip_17xx_40xx.o) (Chip_Clock_SetupPLL)
C:\Users\Emilie1\Documents\MCUXpressoIDE_10.0.2_411\workspace\lpc_chip_40xx\Debug\liblpc_chip_40xx.a(emc_17xx_40xx.o)
                              C:\Users\Emilie1\Documents\MCUXpressoIDE_10.0.2_411\workspace\lpc_board_ea_devkit_4088\Debug\liblpc_board_ea_devkit_4088.a(board_sysinit.o) (Chip_EMC_Dynamic_Init)
C:\Users\Emilie1\Documents\MCUXpressoIDE_10.0.2_411\workspace\lpc_chip_40xx\Debug\liblpc_chip_40xx.a(fpu_init.o)
                              ./example/src/sysinit.o (fpuInit)
C:\Users\Emilie1\Documents\MCUXpressoIDE_10.0.2_411\workspace\lpc_chip_40xx\Debug\liblpc_chip_40xx.a(i2c_17xx_40xx.o)
                              C:\Users\Emilie1\Documents\MCUXpressoIDE_10.0.2_411\workspace\lpc_board_ea_devkit_4088\Debug\liblpc_board_ea_devkit_4088.a(uda1380.o) (Chip_I2C_EventHandlerPolling)
C:\Users\Emilie1\Documents\MCUXpressoIDE_10.0.2_411\workspace\lpc_chip_40xx\Debug\liblpc_chip_40xx.a(i2s_17xx_40xx.o)
                              C:\Users\Emilie1\Documents\MCUXpressoIDE_10.0.2_411\workspace\lpc_board_ea_devkit_4088\Debug\liblpc_board_ea_devkit_4088.a(board.o) (Chip_I2S_Init)
C:\Users\Emilie1\Documents\MCUXpressoIDE_10.0.2_411\workspace\lpc_chip_40xx\Debug\liblpc_chip_40xx.a(iocon_17xx_40xx.o)
                              C:\Users\Emilie1\Documents\MCUXpressoIDE_10.0.2_411\workspace\lpc_board_ea_devkit_4088\Debug\liblpc_board_ea_devkit_4088.a(board_sysinit.o) (Chip_IOCON_SetPinMuxing)
C:\Users\Emilie1\Documents\MCUXpressoIDE_10.0.2_411\workspace\lpc_chip_40xx\Debug\liblpc_chip_40xx.a(ssp_17xx_40xx.o)
                              C:\Users\Emilie1\Documents\MCUXpressoIDE_10.0.2_411\workspace\lpc_board_ea_devkit_4088\Debug\liblpc_board_ea_devkit_4088.a(board.o) (Chip_SSP_WriteFrames_Blocking)
C:\Users\Emilie1\Documents\MCUXpressoIDE_10.0.2_411\workspace\lpc_chip_40xx\Debug\liblpc_chip_40xx.a(sysctl_17xx_40xx.o)
                              C:\Users\Emilie1\Documents\MCUXpressoIDE_10.0.2_411\workspace\lpc_board_ea_devkit_4088\Debug\liblpc_board_ea_devkit_4088.a(board_sysinit.o) (Chip_SYSCTL_PeriphReset)
C:\Users\Emilie1\Documents\MCUXpressoIDE_10.0.2_411\workspace\lpc_chip_40xx\Debug\liblpc_chip_40xx.a(sysinit_17xx_40xx.o)
                              C:\Users\Emilie1\Documents\MCUXpressoIDE_10.0.2_411\workspace\lpc_board_ea_devkit_4088\Debug\liblpc_board_ea_devkit_4088.a(board_sysinit.o) (Chip_SetupXtalClocking)
C:\Users\Emilie1\Documents\MCUXpressoIDE_10.0.2_411\workspace\lpc_chip_40xx\libs\libusbd_40xx_lib.a(mw_usbd_rom_api.o)
                              ./example/src/hid_main.o (hid_api)
C:\Users\Emilie1\Documents\MCUXpressoIDE_10.0.2_411\workspace\lpc_chip_40xx\libs\libusbd_40xx_lib.a(hw_usbd_ip3503.o)
                              C:\Users\Emilie1\Documents\MCUXpressoIDE_10.0.2_411\workspace\lpc_chip_40xx\libs\libusbd_40xx_lib.a(mw_usbd_rom_api.o) (hwUSB_GetMemSize)
C:\Users\Emilie1\Documents\MCUXpressoIDE_10.0.2_411\workspace\lpc_chip_40xx\libs\libusbd_40xx_lib.a(mw_usbd_cdcuser.o)
                              C:\Users\Emilie1\Documents\MCUXpressoIDE_10.0.2_411\workspace\lpc_chip_40xx\libs\libusbd_40xx_lib.a(mw_usbd_rom_api.o) (mwCDC_SendNotification)
C:\Users\Emilie1\Documents\MCUXpressoIDE_10.0.2_411\workspace\lpc_chip_40xx\libs\libusbd_40xx_lib.a(mw_usbd_core.o)
                              C:\Users\Emilie1\Documents\MCUXpressoIDE_10.0.2_411\workspace\lpc_chip_40xx\libs\libusbd_40xx_lib.a(mw_usbd_rom_api.o) (mwUSB_SetupStage)
C:\Users\Emilie1\Documents\MCUXpressoIDE_10.0.2_411\workspace\lpc_chip_40xx\libs\libusbd_40xx_lib.a(mw_usbd_dfuuser.o)
[...]
Memory Configuration

Name             Origin             Length             Attributes
MFlash512        0x00000000         0x00080000         xr
RamLoc64         0x10000000         0x00010000         xrw
RamPeriph32      0x20000000         0x00008000         xrw
*default*        0x00000000         0xffffffff

Linker script and memory map

LOAD ./example/src/cr_startup_lpc40xx.o
LOAD ./example/src/hid_desc.o
LOAD ./example/src/hid_main.o
LOAD ./example/src/hid_mouse.o
LOAD ./example/src/sysinit.o
LOAD C:\Users\Emilie1\Documents\MCUXpressoIDE_10.0.2_411\workspace\lpc_board_ea_devkit_4088\Debug\liblpc_board_ea_devkit_4088.a
LOAD C:\Users\Emilie1\Documents\MCUXpressoIDE_10.0.2_411\workspace\lpc_chip_40xx\Debug\liblpc_chip_40xx.a
LOAD C:\Users\Emilie1\Documents\MCUXpressoIDE_10.0.2_411\workspace\lpc_chip_40xx\libs\libusbd_40xx_lib.a
START GROUP
LOAD c:/nxp/mcuxpressoide_10.0.2_411/ide/tools/bin/../lib/gcc/arm-none-eabi/5.4.1/../../../../arm-none-eabi/lib/armv7e-m/softfp\libcr_nohost.a
LOAD c:/nxp/mcuxpressoide_10.0.2_411/ide/tools/bin/../lib/gcc/arm-none-eabi/5.4.1/../../../../arm-none-eabi/lib/armv7e-m/softfp\libcr_c.a
LOAD c:/nxp/mcuxpressoide_10.0.2_411/ide/tools/bin/../lib/gcc/arm-none-eabi/5.4.1/armv7e-m/softfp\libcr_eabihelpers.a
END GROUP
                0x00000000                __base_MFlash512 = 0x0
                0x00000000                __base_Flash = 0x0
                0x00080000                __top_MFlash512 = 0x80000
                0x00080000                __top_Flash = 0x80000
                0x10000000                __base_RamLoc64 = 0x10000000
                0x10000000                __base_RAM = 0x10000000
                0x10010000                __top_RamLoc64 = 0x10010000
                0x10010000                __top_RAM = 0x10010000
                0x20000000                __base_RamPeriph32 = 0x20000000
                0x20000000                __base_RAM2 = 0x20000000
                0x20008000                __top_RamPeriph32 = 0x20008000
                0x20008000                __top_RAM2 = 0x20008000

.text           0x00000000     0x3354
 FILL mask 0xff
                0x00000000                __vectors_start__ = ABSOLUTE (.)
 *(.isr_vector)
 .isr_vector    0x00000000       0xe4 ./example/src/cr_startup_lpc40xx.o
                0x00000000                g_pfnVectors
                0x000000e4                . = ALIGN (0x4)
                0x000000e4                __section_table_start = .
                0x000000e4                __data_section_table = .
                0x000000e4        0x4 LONG 0x3354 LOADADDR (.data)
                0x000000e8        0x4 LONG 0x10000000 ADDR (.data)
                0x000000ec        0x4 LONG 0x28 SIZEOF (.data)
                0x000000f0        0x4 LONG 0x3354 LOADADDR (.data_RAM2)
                0x000000f4        0x4 LONG 0x20000000 ADDR (.data_RAM2)
                0x000000f8        0x4 LONG 0x0 SIZEOF (.data_RAM2)
                0x000000fc                __data_section_table_end = .
                0x000000fc                __bss_section_table = .
                0x000000fc        0x4 LONG 0x10000028 ADDR (.bss)
                0x00000100        0x4 LONG 0x1f4 SIZEOF (.bss)
                0x00000104        0x4 LONG 0x20000000 ADDR (.bss_RAM2)
                0x00000108        0x4 LONG 0x0 SIZEOF (.bss_RAM2)
                0x0000010c                __bss_section_table_end = .
                0x0000010c                __section_table_end = .
 *(.after_vectors*)
 .after_vectors
                0x0000010c      0x168 ./example/src/cr_startup_lpc40xx.o
                0x0000010c                data_init
                0x00000150                bss_init
                0x00000188                ResetISR
                0x00000220                NMI_Handler
                0x00000228                HardFault_Handler
                0x00000230                MemManage_Handler
                0x00000238                BusFault_Handler
                0x00000240                UsageFault_Handler
                0x00000248                SVC_Handler
                0x00000250                DebugMon_Handler
                0x00000258                PendSV_Handler
                0x00000260                SysTick_Handler
                0x00000268                I2C1_IRQHandler
                0x00000268                EINT2_IRQHandler
                0x00000268                UART1_IRQHandler
                0x00000268                EINT3_IRQHandler
                0x00000268                CANActivity_IRQHandler
                0x00000268                TIMER3_IRQHandler
                0x00000268                UART0_IRQHandler
                0x00000268                I2C0_IRQHandler
                0x00000268                PWM1_IRQHandler
                0x00000268                IntDefaultHandler
                0x00000268                PLL0_IRQHandler
                0x00000268                CAN_IRQHandler
                0x00000268                PLL1_IRQHandler
                0x00000268                RIT_IRQHandler
                0x00000268                I2S_IRQHandler
                0x00000268                I2C2_IRQHandler
                0x00000268                RTC_IRQHandler
                0x00000268                TIMER0_IRQHandler
                0x00000268                SPI_IRQHandler
                0x00000268                LCD_IRQHandler
                0x00000268                SDIO_IRQHandler
                0x00000268                EINT1_IRQHandler
                0x00000268                TIMER1_IRQHandler
                0x00000268                UART2_IRQHandler
                0x00000268                UART4_IRQHandler
                0x00000268                ADC_IRQHandler
                0x00000268                SSP1_IRQHandler
                0x00000268                BOD_IRQHandler
                0x00000268                TIMER2_IRQHandler
                0x00000268                WDT_IRQHandler
                0x00000268                USBActivity_IRQHandler
                0x00000268                QEI_IRQHandler
                0x00000268                EINT0_IRQHandler
                0x00000268                ETH_IRQHandler
                0x00000268                PWM0_IRQHandler
                0x00000268                SSP2_IRQHandler
                0x00000268                EEPROM_IRQHandler
                0x00000268                SSP0_IRQHandler
                0x00000268                DMA_IRQHandler
                0x00000268                GPIO_IRQHandler
                0x00000268                UART3_IRQHandler
                0x00000268                MCPWM_IRQHandler
 *(.text*)
 .text.NVIC_EnableIRQ
                0x00000274       0x34 ./example/src/hid_main.o
 .text.usb_pin_clk_init
                0x000002a8       0x14 ./example/src/hid_main.o
 .text.USB_IRQHandler
                0x000002bc       0x20 ./example/src/hid_main.o
                0x000002bc                USB_IRQHandler
 .text.main     0x000002dc       0xc8 ./example/src/hid_main.o
                0x000002dc                main
 .text.USB_IsConfigured
                0x000003a4       0x28 ./example/src/hid_mouse.o
 .text.setXYMouseReport
                0x000003cc       0x2c ./example/src/hid_mouse.o
 .text.setLeftButtonMouseReport
                0x000003f8       0x3c ./example/src/hid_mouse.o
 .text.Mouse_UpdateReport
                0x00000434       0xb4 ./example/src/hid_mouse.o
 .text.Mouse_GetReport
                0x000004e8       0x48 ./example/src/hid_mouse.o
 .text.Mouse_SetReport
                0x00000530       0x38 ./example/src/hid_mouse.o
 .text.Mouse_EpIN_Hdlr
                0x00000568       0x2c ./example/src/hid_mouse.o
 .text.Mouse_Init
                0x00000594       0xbc ./example/src/hid_mouse.o
                0x00000594                Mouse_Init
 .text.Mouse_Tasks
                0x00000650       0x54 ./example/src/hid_mouse.o
                0x00000650                Mouse_Tasks
 .text.SystemInit
                0x000006a4       0x28 ./example/src/sysinit.o
                0x000006a4                SystemInit
 .text.Chip_IOCON_Init
                0x000006cc       0x18 C:\Users\Emilie1\Documents\MCUXpressoIDE_10.0.2_411\workspace\lpc_board_ea_devkit_4088\Debug\liblpc_board_ea_devkit_4088.a(board.o)
 .text.Chip_IOCON_PinMuxSet
                0x000006e4       0x30 C:\Users\Emilie1\Documents\MCUXpressoIDE_10.0.2_411\workspace\lpc_board_ea_devkit_4088\Debug\liblpc_board_ea_devkit_4088.a(board.o)
 .text.Chip_IOCON_PinMux
                0x00000714       0x2c C:\Users\Emilie1\Documents\MCUXpressoIDE_10.0.2_411\workspace\lpc_board_ea_devkit_4088\Debug\liblpc_board_ea_devkit_4088.a(board.o)
 .text.Chip_GPIO_Init
                0x00000740       0x18 C:\Users\Emilie1\Documents\MCUXpressoIDE_10.0.2_411\workspace\lpc_board_ea_devkit_4088\Debug\liblpc_board_ea_devkit_4088.a(board.o)
 .text.Chip_GPIO_SetPinState
                0x00000758       0x6c C:\Users\Emilie1\Documents\MCUXpressoIDE_10.0.2_411\workspace\lpc_board_ea_devkit_4088\Debug\liblpc_board_ea_devkit_4088.a(board.o)
 .text.Chip_GPIO_WritePortBit
                0x000007c4       0x2c C:\Users\Emilie1\Documents\MCUXpressoIDE_10.0.2_411\workspace\lpc_board_ea_devkit_4088\Debug\liblpc_board_ea_devkit_4088.a(board.o)
 .text.Chip_GPIO_GetPinState
                0x000007f0       0x3c C:\Users\Emilie1\Documents\MCUXpressoIDE_10.0.2_411\workspace\lpc_board_ea_devkit_4088\Debug\liblpc_board_ea_devkit_4088.a(board.o)
 .text.Chip_GPIO_SetPinDIROutput
                0x0000082c       0x3c C:\Users\Emilie1\Documents\MCUXpressoIDE_10.0.2_411\workspace\lpc_board_ea_devkit_4088\Debug\liblpc_board_ea_devkit_4088.a(board.o)
 .text.Chip_GPIO_SetPinDIRInput
                0x00000868       0x3c C:\Users\Emilie1\Documents\MCUXpressoIDE_10.0.2_411\workspace\lpc_board_ea_devkit_4088\Debug\liblpc_board_ea_devkit_4088.a(board.o)
 .text.Chip_GPIO_SetPinDIR
                0x000008a4       0x44 C:\Users\Emilie1\Documents\MCUXpressoIDE_10.0.2_411\workspace\lpc_board_ea_devkit_4088\Debug\liblpc_board_ea_devkit_4088.a(board.o)
 .text.Chip_GPIO_WriteDirBit
                0x000008e8       0x30 C:\Users\Emilie1\Documents\MCUXpressoIDE_10.0.2_411\workspace\lpc_board_ea_devkit_4088\Debug\liblpc_board_ea_devkit_4088.a(board.o)
 .text.Board_LED_Init
                0x00000918       0x70 C:\Users\Emilie1\Documents\MCUXpressoIDE_10.0.2_411\workspace\lpc_board_ea_devkit_4088\Debug\liblpc_board_ea_devkit_4088.a(board.o)
 .text.Board_Init
                0x00000988       0x20 C:\Users\Emilie1\Documents\MCUXpressoIDE_10.0.2_411\workspace\lpc_board_ea_devkit_4088\Debug\liblpc_board_ea_devkit_4088.a(board.o)
                0x00000988                Board_Init
 .text.Board_Joystick_Init
                0x000009a8       0x44 C:\Users\Emilie1\Documents\MCUXpressoIDE_10.0.2_411\workspace\lpc_board_ea_devkit_4088\Debug\liblpc_board_ea_devkit_4088.a(board.o)
                0x000009a8                Board_Joystick_Init
 .text.Joystick_GetStatus
                0x000009ec       0x64 C:\Users\Emilie1\Documents\MCUXpressoIDE_10.0.2_411\workspace\lpc_board_ea_devkit_4088\Debug\liblpc_board_ea_devkit_4088.a(board.o)
                0x000009ec                Joystick_GetStatus
 .text.Board_USBD_Init
                0x00000a50       0xa8 C:\Users\Emilie1\Documents\MCUXpressoIDE_10.0.2_411\workspace\lpc_board_ea_devkit_4088\Debug\liblpc_board_ea_devkit_4088.a(board.o)
                0x00000a50                Board_USBD_Init
 .text.Chip_SYSCTL_EnableBoost
                0x00000af8       0x1c C:\Users\Emilie1\Documents\MCUXpressoIDE_10.0.2_411\workspace\lpc_board_ea_devkit_4088\Debug\liblpc_board_ea_devkit_4088.a(board_sysinit.o)
 .text.Chip_Clock_SetEMCClockDiv
                0x00000b14       0x24 C:\Users\Emilie1\Documents\MCUXpressoIDE_10.0.2_411\workspace\lpc_board_ea_devkit_4088\Debug\liblpc_board_ea_devkit_4088.a(board_sysinit.o)
 .text.Chip_IOCON_PinMuxSet
                0x00000b38       0x30 C:\Users\Emilie1\Documents\MCUXpressoIDE_10.0.2_411\workspace\lpc_board_ea_devkit_4088\Debug\liblpc_board_ea_devkit_4088.a(board_sysinit.o)
 .text.Board_SetupMuxing
                0x00000b68       0x84 C:\Users\Emilie1\Documents\MCUXpressoIDE_10.0.2_411\workspace\lpc_board_ea_devkit_4088\Debug\liblpc_board_ea_devkit_4088.a(board_sysinit.o)
                0x00000b68                Board_SetupMuxing
 .text.Board_SetupClocking
                0x00000bec       0x1c C:\Users\Emilie1\Documents\MCUXpressoIDE_10.0.2_411\workspace\lpc_board_ea_devkit_4088\Debug\liblpc_board_ea_devkit_4088.a(board_sysinit.o)
                0x00000bec                Board_SetupClocking
 .text.Board_SetupExtMemory
                0x00000c08       0x5c C:\Users\Emilie1\Documents\MCUXpressoIDE_10.0.2_411\workspace\lpc_board_ea_devkit_4088\Debug\liblpc_board_ea_devkit_4088.a(board_sysinit.o)
                0x00000c08                Board_SetupExtMemory
 .text.Board_SystemInit
                0x00000c64       0x14 C:\Users\Emilie1\Documents\MCUXpressoIDE_10.0.2_411\workspace\lpc_board_ea_devkit_4088\Debug\liblpc_board_ea_devkit_4088.a(board_sysinit.o)
                0x00000c64                Board_SystemInit
 .text.Chip_Clock_GetPLLStatus
                0x00000c78       0x28 C:\Users\Emilie1\Documents\MCUXpressoIDE_10.0.2_411\workspace\lpc_chip_40xx\Debug\liblpc_chip_40xx.a(chip_17xx_40xx.o)
 .text.SystemCoreClockUpdate
                0x00000ca0       0x18 C:\Users\Emilie1\Documents\MCUXpressoIDE_10.0.2_411\workspace\lpc_chip_40xx\Debug\liblpc_chip_40xx.a(chip_17xx_40xx.o)
                0x00000ca0                SystemCoreClockUpdate
 .text.Chip_USB_Init
                0x00000cb8       0x40 C:\Users\Emilie1\Documents\MCUXpressoIDE_10.0.2_411\workspace\lpc_chip_40xx\Debug\liblpc_chip_40xx.a(chip_17xx_40xx.o)
                0x00000cb8                Chip_USB_Init
 .text.Chip_Clock_IsMainPLLEnabled
                0x00000cf8       0x28 C:\Users\Emilie1\Documents\MCUXpressoIDE_10.0.2_411\workspace\lpc_chip_40xx\Debug\liblpc_chip_40xx.a(clock_17xx_40xx.o)
 .text.Chip_Clock_FeedPLL
                0x00000d20       0x38 C:\Users\Emilie1\Documents\MCUXpressoIDE_10.0.2_411\workspace\lpc_chip_40xx\Debug\liblpc_chip_40xx.a(clock_17xx_40xx.o)
 .text.Chip_Clock_GetMainPLLSource
                0x00000d58       0x20 C:\Users\Emilie1\Documents\MCUXpressoIDE_10.0.2_411\workspace\lpc_chip_40xx\Debug\liblpc_chip_40xx.a(clock_17xx_40xx.o)
 .text.Chip_Clock_GetMainOscRate
                0x00000d78       0x14 C:\Users\Emilie1\Documents\MCUXpressoIDE_10.0.2_411\workspace\lpc_chip_40xx\Debug\liblpc_chip_40xx.a(clock_17xx_40xx.o)
 .text.Chip_Clock_GetIntOscRate
                0x00000d8c       0x14 C:\Users\Emilie1\Documents\MCUXpressoIDE_10.0.2_411\workspace\lpc_chip_40xx\Debug\liblpc_chip_40xx.a(clock_17xx_40xx.o)
 .text.Chip_Clock_GetMainPLLInClockRate
                0x00000da0       0x10 C:\Users\Emilie1\Documents\MCUXpressoIDE_10.0.2_411\workspace\lpc_chip_40xx\Debug\liblpc_chip_40xx.a(clock_17xx_40xx.o)
 .text.Chip_Clock_EnablePLL
                0x00000db0       0x44 C:\Users\Emilie1\Documents\MCUXpressoIDE_10.0.2_411\workspace\lpc_chip_40xx\Debug\liblpc_chip_40xx.a(clock_17xx_40xx.o)
                0x00000db0                Chip_Clock_EnablePLL
 .text.Chip_Clock_DisablePLL
                0x00000df4       0x48 C:\Users\Emilie1\Documents\MCUXpressoIDE_10.0.2_411\workspace\lpc_chip_40xx\Debug\liblpc_chip_40xx.a(clock_17xx_40xx.o)
                0x00000df4                Chip_Clock_DisablePLL
 .text.Chip_Clock_SetupPLL
                0x00000e3c       0x4c C:\Users\Emilie1\Documents\MCUXpressoIDE_10.0.2_411\workspace\lpc_chip_40xx\Debug\liblpc_chip_40xx.a(clock_17xx_40xx.o)
                0x00000e3c                Chip_Clock_SetupPLL
 .text.Chip_Clock_EnablePeriphClock
                0x00000e88       0x54 C:\Users\Emilie1\Documents\MCUXpressoIDE_10.0.2_411\workspace\lpc_chip_40xx\Debug\liblpc_chip_40xx.a(clock_17xx_40xx.o)
                0x00000e88                Chip_Clock_EnablePeriphClock
 .text.Chip_Clock_SetCPUClockSource
                0x00000edc       0x44 C:\Users\Emilie1\Documents\MCUXpressoIDE_10.0.2_411\workspace\lpc_chip_40xx\Debug\liblpc_chip_40xx.a(clock_17xx_40xx.o)
                0x00000edc                Chip_Clock_SetCPUClockSource
 .text.Chip_Clock_GetCPUClockSource
                0x00000f20       0x30 C:\Users\Emilie1\Documents\MCUXpressoIDE_10.0.2_411\workspace\lpc_chip_40xx\Debug\liblpc_chip_40xx.a(clock_17xx_40xx.o)
                0x00000f20                Chip_Clock_GetCPUClockSource
 .text.Chip_Clock_SetCPUClockDiv
                0x00000f50       0x30 C:\Users\Emilie1\Documents\MCUXpressoIDE_10.0.2_411\workspace\lpc_chip_40xx\Debug\liblpc_chip_40xx.a(clock_17xx_40xx.o)
                0x00000f50                Chip_Clock_SetCPUClockDiv
 .text.Chip_Clock_GetCPUClockDiv
                0x00000f80       0x1c C:\Users\Emilie1\Documents\MCUXpressoIDE_10.0.2_411\workspace\lpc_chip_40xx\Debug\liblpc_chip_40xx.a(clock_17xx_40xx.o)
                0x00000f80                Chip_Clock_GetCPUClockDiv
 .text.Chip_Clock_GetSYSCLKRate
                0x00000f9c       0x2c C:\Users\Emilie1\Documents\MCUXpressoIDE_10.0.2_411\workspace\lpc_chip_40xx\Debug\liblpc_chip_40xx.a(clock_17xx_40xx.o)
                0x00000f9c                Chip_Clock_GetSYSCLKRate
 .text.Chip_Clock_GetMainPLLOutClockRate
                0x00000fc8       0x40 C:\Users\Emilie1\Documents\MCUXpressoIDE_10.0.2_411\workspace\lpc_chip_40xx\Debug\liblpc_chip_40xx.a(clock_17xx_40xx.o)
                0x00000fc8                Chip_Clock_GetMainPLLOutClockRate
 .text.Chip_Clock_GetMainClockRate
                0x00001008       0x28 C:\Users\Emilie1\Documents\MCUXpressoIDE_10.0.2_411\workspace\lpc_chip_40xx\Debug\liblpc_chip_40xx.a(clock_17xx_40xx.o)
                0x00001008                Chip_Clock_GetMainClockRate
 .text.Chip_Clock_GetSystemClockRate
                0x00001030       0x18 C:\Users\Emilie1\Documents\MCUXpressoIDE_10.0.2_411\workspace\lpc_chip_40xx\Debug\liblpc_chip_40xx.a(clock_17xx_40xx.o)
                0x00001030                Chip_Clock_GetSystemClockRate
 .text.Chip_Clock_SetSPIFIClockSource
                0x00001048       0x34 C:\Users\Emilie1\Documents\MCUXpressoIDE_10.0.2_411\workspace\lpc_chip_40xx\Debug\liblpc_chip_40xx.a(clock_17xx_40xx.o)
                0x00001048                Chip_Clock_SetSPIFIClockSource
 .text.Chip_Clock_SetSPIFIClockDiv
                0x0000107c       0x30 C:\Users\Emilie1\Documents\MCUXpressoIDE_10.0.2_411\workspace\lpc_chip_40xx\Debug\liblpc_chip_40xx.a(clock_17xx_40xx.o)
                0x0000107c                Chip_Clock_SetSPIFIClockDiv
 .text.Chip_Clock_GetEMCClockDiv
                0x000010ac       0x1c C:\Users\Emilie1\Documents\MCUXpressoIDE_10.0.2_411\workspace\lpc_chip_40xx\Debug\liblpc_chip_40xx.a(emc_17xx_40xx.o)
 .text.Chip_Clock_GetEMCClockRate
                0x000010c8       0x18 C:\Users\Emilie1\Documents\MCUXpressoIDE_10.0.2_411\workspace\lpc_chip_40xx\Debug\liblpc_chip_40xx.a(emc_17xx_40xx.o)
 .text.convertTimmingParam
                0x000010e0       0x6c C:\Users\Emilie1\Documents\MCUXpressoIDE_10.0.2_411\workspace\lpc_chip_40xx\Debug\liblpc_chip_40xx.a(emc_17xx_40xx.o)
 .text.getColsLen
                0x0000114c       0x50 C:\Users\Emilie1\Documents\MCUXpressoIDE_10.0.2_411\workspace\lpc_chip_40xx\Debug\liblpc_chip_40xx.a(emc_17xx_40xx.o)
 .text.initDynMem
                0x0000119c      0x294 C:\Users\Emilie1\Documents\MCUXpressoIDE_10.0.2_411\workspace\lpc_chip_40xx\Debug\liblpc_chip_40xx.a(emc_17xx_40xx.o)
                0x0000119c                initDynMem
 .text.initStaticMem
                0x00001430       0xb0 C:\Users\Emilie1\Documents\MCUXpressoIDE_10.0.2_411\workspace\lpc_chip_40xx\Debug\liblpc_chip_40xx.a(emc_17xx_40xx.o)
                0x00001430                initStaticMem
 .text.Chip_EMC_Dynamic_Init
                0x000014e0       0x24 C:\Users\Emilie1\Documents\MCUXpressoIDE_10.0.2_411\workspace\lpc_chip_40xx\Debug\liblpc_chip_40xx.a(emc_17xx_40xx.o)
                0x000014e0                Chip_EMC_Dynamic_Init
 .text.Chip_EMC_Static_Init
                0x00001504       0x24 C:\Users\Emilie1\Documents\MCUXpressoIDE_10.0.2_411\workspace\lpc_chip_40xx\Debug\liblpc_chip_40xx.a(emc_17xx_40xx.o)
                0x00001504                Chip_EMC_Static_Init
 .text.Chip_EMC_Init
                0x00001528       0x50 C:\Users\Emilie1\Documents\MCUXpressoIDE_10.0.2_411\workspace\lpc_chip_40xx\Debug\liblpc_chip_40xx.a(emc_17xx_40xx.o)
                0x00001528                Chip_EMC_Init
 .text.fpuInit  0x00001578       0x74 C:\Users\Emilie1\Documents\MCUXpressoIDE_10.0.2_411\workspace\lpc_chip_40xx\Debug\liblpc_chip_40xx.a(fpu_init.o)
                0x00001578                fpuInit
 .text.Chip_IOCON_PinMuxSet
                0x000015ec       0x30 C:\Users\Emilie1\Documents\MCUXpressoIDE_10.0.2_411\workspace\lpc_chip_40xx\Debug\liblpc_chip_40xx.a(iocon_17xx_40xx.o)
 .text.Chip_IOCON_SetPinMuxing
                0x0000161c       0x64 C:\Users\Emilie1\Documents\MCUXpressoIDE_10.0.2_411\workspace\lpc_chip_40xx\Debug\liblpc_chip_40xx.a(iocon_17xx_40xx.o)
                0x0000161c                Chip_IOCON_SetPinMuxing
 .text.Chip_SYSCTL_PeriphReset
                0x00001680       0x68 C:\Users\Emilie1\Documents\MCUXpressoIDE_10.0.2_411\workspace\lpc_chip_40xx\Debug\liblpc_chip_40xx.a(sysctl_17xx_40xx.o)
                0x00001680                Chip_SYSCTL_PeriphReset
 .text.Chip_Clock_IsMainPLLEnabled
                0x000016e8       0x28 C:\Users\Emilie1\Documents\MCUXpressoIDE_10.0.2_411\workspace\lpc_chip_40xx\Debug\liblpc_chip_40xx.a(sysinit_17xx_40xx.o)
 .text.Chip_Clock_IsMainPLLLocked
                0x00001710       0x28 C:\Users\Emilie1\Documents\MCUXpressoIDE_10.0.2_411\workspace\lpc_chip_40xx\Debug\liblpc_chip_40xx.a(sysinit_17xx_40xx.o)
 .text.Chip_Clock_EnableCrystal
                0x00001738       0x24 C:\Users\Emilie1\Documents\MCUXpressoIDE_10.0.2_411\workspace\lpc_chip_40xx\Debug\liblpc_chip_40xx.a(sysinit_17xx_40xx.o)
 .text.Chip_Clock_IsCrystalEnabled
                0x0000175c       0x28 C:\Users\Emilie1\Documents\MCUXpressoIDE_10.0.2_411\workspace\lpc_chip_40xx\Debug\liblpc_chip_40xx.a(sysinit_17xx_40xx.o)
 .text.Chip_Clock_SetMainPLLSource
                0x00001784       0x24 C:\Users\Emilie1\Documents\MCUXpressoIDE_10.0.2_411\workspace\lpc_chip_40xx\Debug\liblpc_chip_40xx.a(sysinit_17xx_40xx.o)
 .text.Chip_Clock_SetPCLKDiv
                0x000017a8       0x20 C:\Users\Emilie1\Documents\MCUXpressoIDE_10.0.2_411\workspace\lpc_chip_40xx\Debug\liblpc_chip_40xx.a(sysinit_17xx_40xx.o)
 .text.Chip_SetupXtalClocking
                0x000017c8       0x84 C:\Users\Emilie1\Documents\MCUXpressoIDE_10.0.2_411\workspace\lpc_chip_40xx\Debug\liblpc_chip_40xx.a(sysinit_17xx_40xx.o)
                0x000017c8                Chip_SetupXtalClocking
 .text.EPAdr    0x0000184c       0x10 C:\Users\Emilie1\Documents\MCUXpressoIDE_10.0.2_411\workspace\lpc_chip_40xx\libs\libusbd_40xx_lib.a(hw_usbd_ip3503.o)
                0x0000184c                EPAdr
 .text.hwWrCmd  0x0000185c       0x10 C:\Users\Emilie1\Documents\MCUXpressoIDE_10.0.2_411\workspace\lpc_chip_40xx\libs\libusbd_40xx_lib.a(hw_usbd_ip3503.o)
                0x0000185c                hwWrCmd
 .text.hwWrCmdDat
                0x0000186c       0x16 C:\Users\Emilie1\Documents\MCUXpressoIDE_10.0.2_411\workspace\lpc_chip_40xx\libs\libusbd_40xx_lib.a(hw_usbd_ip3503.o)
                0x0000186c                hwWrCmdDat
 .text.hwWrCmdEP
                0x00001882       0x24 C:\Users\Emilie1\Documents\MCUXpressoIDE_10.0.2_411\workspace\lpc_chip_40xx\libs\libusbd_40xx_lib.a(hw_usbd_ip3503.o)
                0x00001882                hwWrCmdEP
 .text.hwRdCmdDat
                0x000018a6       0x12 C:\Users\Emilie1\Documents\MCUXpressoIDE_10.0.2_411\workspace\lpc_chip_40xx\libs\libusbd_40xx_lib.a(hw_usbd_ip3503.o)
                0x000018a6                hwRdCmdDat
 .text.hwUSB_GetMemSize
                0x000018b8        0x6 C:\Users\Emilie1\Documents\MCUXpressoIDE_10.0.2_411\workspace\lpc_chip_40xx\libs\libusbd_40xx_lib.a(hw_usbd_ip3503.o)
                0x000018b8                hwUSB_GetMemSize
 *fill*         0x000018be        0x2 ff
 .text.hwUSB_Connect
                0x000018c0       0x1c C:\Users\Emilie1\Documents\MCUXpressoIDE_10.0.2_411\workspace\lpc_chip_40xx\libs\libusbd_40xx_lib.a(hw_usbd_ip3503.o)
                0x000018c0                hwUSB_Connect
 .text.hwUSB_Reset
                0x000018dc       0x30 C:\Users\Emilie1\Documents\MCUXpressoIDE_10.0.2_411\workspace\lpc_chip_40xx\libs\libusbd_40xx_lib.a(hw_usbd_ip3503.o)
                0x000018dc                hwUSB_Reset
 .text.hwUSB_WakeUp
                0x0000190c       0x20 C:\Users\Emilie1\Documents\MCUXpressoIDE_10.0.2_411\workspace\lpc_chip_40xx\libs\libusbd_40xx_lib.a(hw_usbd_ip3503.o)
                0x0000190c                hwUSB_WakeUp
 .text.hwUSB_WakeUpCfg
                0x0000192c        0x2 C:\Users\Emilie1\Documents\MCUXpressoIDE_10.0.2_411\workspace\lpc_chip_40xx\libs\libusbd_40xx_lib.a(hw_usbd_ip3503.o)
                0x0000192c                hwUSB_WakeUpCfg
 *fill*         0x0000192e        0x2 ff
 .text.hwUSB_SetAddress
                0x00001930       0x30 C:\Users\Emilie1\Documents\MCUXpressoIDE_10.0.2_411\workspace\lpc_chip_40xx\libs\libusbd_40xx_lib.a(hw_usbd_ip3503.o)
                0x00001930                hwUSB_SetAddress
 .text.hwUSB_Init
                0x00001960       0x84 C:\Users\Emilie1\Documents\MCUXpressoIDE_10.0.2_411\workspace\lpc_chip_40xx\libs\libusbd_40xx_lib.a(hw_usbd_ip3503.o)
                0x00001960                hwUSB_Init
 .text.hwUSB_Configure
                0x000019e4       0x34 C:\Users\Emilie1\Documents\MCUXpressoIDE_10.0.2_411\workspace\lpc_chip_40xx\libs\libusbd_40xx_lib.a(hw_usbd_ip3503.o)
                0x000019e4                hwUSB_Configure
 .text.hwUSB_ConfigEP
                0x00001a18       0x32 C:\Users\Emilie1\Documents\MCUXpressoIDE_10.0.2_411\workspace\lpc_chip_40xx\libs\libusbd_40xx_lib.a(hw_usbd_ip3503.o)
                0x00001a18                hwUSB_ConfigEP
 .text.hwUSB_DirCtrlEP
                0x00001a4a        0x2 C:\Users\Emilie1\Documents\MCUXpressoIDE_10.0.2_411\workspace\lpc_chip_40xx\libs\libusbd_40xx_lib.a(hw_usbd_ip3503.o)
                0x00001a4a                hwUSB_DirCtrlEP
 .text.hwUSB_EnableEP
                0x00001a4c       0x24 C:\Users\Emilie1\Documents\MCUXpressoIDE_10.0.2_411\workspace\lpc_chip_40xx\libs\libusbd_40xx_lib.a(hw_usbd_ip3503.o)
                0x00001a4c                hwUSB_EnableEP
 .text.hwUSB_DisableEP
                0x00001a70       0x28 C:\Users\Emilie1\Documents\MCUXpressoIDE_10.0.2_411\workspace\lpc_chip_40xx\libs\libusbd_40xx_lib.a(hw_usbd_ip3503.o)
                0x00001a70                hwUSB_DisableEP
 .text.hwUSB_ResetEP
                0x00001a98       0x24 C:\Users\Emilie1\Documents\MCUXpressoIDE_10.0.2_411\workspace\lpc_chip_40xx\libs\libusbd_40xx_lib.a(hw_usbd_ip3503.o)
                0x00001a98                hwUSB_ResetEP
 .text.hwUSB_SetStallEP
                0x00001abc       0x28 C:\Users\Emilie1\Documents\MCUXpressoIDE_10.0.2_411\workspace\lpc_chip_40xx\libs\libusbd_40xx_lib.a(hw_usbd_ip3503.o)
                0x00001abc                hwUSB_SetStallEP
 .text.hwUSB_ClrStallEP
                0x00001ae4       0x24 C:\Users\Emilie1\Documents\MCUXpressoIDE_10.0.2_411\workspace\lpc_chip_40xx\libs\libusbd_40xx_lib.a(hw_usbd_ip3503.o)
                0x00001ae4                hwUSB_ClrStallEP
 .text.hwUSB_EnableEvent
                0x00001b08       0xd8 C:\Users\Emilie1\Documents\MCUXpressoIDE_10.0.2_411\workspace\lpc_chip_40xx\libs\libusbd_40xx_lib.a(hw_usbd_ip3503.o)
                0x00001b08                hwUSB_EnableEvent
 .text.hwUSB_ReadEP
                0x00001be0       0x80 C:\Users\Emilie1\Documents\MCUXpressoIDE_10.0.2_411\workspace\lpc_chip_40xx\libs\libusbd_40xx_lib.a(hw_usbd_ip3503.o)
                0x00001be0                hwUSB_ReadEP
 .text.hwUSB_ForceFullSpeed
                0x00001c60        0x2 C:\Users\Emilie1\Documents\MCUXpressoIDE_10.0.2_411\workspace\lpc_chip_40xx\libs\libusbd_40xx_lib.a(hw_usbd_ip3503.o)
                0x00001c60                hwUSB_ForceFullSpeed
 .text.hwUSB_SetTestMode
                0x00001c62        0x4 C:\Users\Emilie1\Documents\MCUXpressoIDE_10.0.2_411\workspace\lpc_chip_40xx\libs\libusbd_40xx_lib.a(hw_usbd_ip3503.o)
                0x00001c62                hwUSB_SetTestMode
 .text.hwUSB_ReadReqEP
                0x00001c66        0x4 C:\Users\Emilie1\Documents\MCUXpressoIDE_10.0.2_411\workspace\lpc_chip_40xx\libs\libusbd_40xx_lib.a(hw_usbd_ip3503.o)
                0x00001c66                hwUSB_ReadReqEP
 .text.hwUSB_ReadSetupPkt
                0x00001c6a        0x4 C:\Users\Emilie1\Documents\MCUXpressoIDE_10.0.2_411\workspace\lpc_chip_40xx\libs\libusbd_40xx_lib.a(hw_usbd_ip3503.o)
                0x00001c6a                hwUSB_ReadSetupPkt
 *fill*         0x00001c6e        0x2 ff
 .text.hwUSB_WriteEP
                0x00001c70       0x44 C:\Users\Emilie1\Documents\MCUXpressoIDE_10.0.2_411\workspace\lpc_chip_40xx\libs\libusbd_40xx_lib.a(hw_usbd_ip3503.o)
                0x00001c70                hwUSB_WriteEP
 .text.hwUSB_ISR
                0x00001cb4      0x1a0 C:\Users\Emilie1\Documents\MCUXpressoIDE_10.0.2_411\workspace\lpc_chip_40xx\libs\libusbd_40xx_lib.a(hw_usbd_ip3503.o)
                0x00001cb4                hwUSB_ISR
 .text.USB_ReqGetConfiguration
                0x00001e54       0x20 C:\Users\Emilie1\Documents\MCUXpressoIDE_10.0.2_411\workspace\lpc_chip_40xx\libs\libusbd_40xx_lib.a(mw_usbd_core.o)
                0x00001e54                USB_ReqGetConfiguration
 .text.USBD_virt_to_phys
                0x00001e74        0x2 C:\Users\Emilie1\Documents\MCUXpressoIDE_10.0.2_411\workspace\lpc_chip_40xx\libs\libusbd_40xx_lib.a(mw_usbd_core.o)
                0x00001e74                USBD_virt_to_phys
 .text.USBD_cache_flush
                0x00001e76        0x2 C:\Users\Emilie1\Documents\MCUXpressoIDE_10.0.2_411\workspace\lpc_chip_40xx\libs\libusbd_40xx_lib.a(mw_usbd_core.o)
                0x00001e76                USBD_cache_flush
 .text.USB_ReqGetStatus
                0x00001e78       0x8c C:\Users\Emilie1\Documents\MCUXpressoIDE_10.0.2_411\workspace\lpc_chip_40xx\libs\libusbd_40xx_lib.a(mw_usbd_core.o)
                0x00001e78                USB_ReqGetStatus
 .text.USB_ReqGetDescriptor
                0x00001f04       0x84 C:\Users\Emilie1\Documents\MCUXpressoIDE_10.0.2_411\workspace\lpc_chip_40xx\libs\libusbd_40xx_lib.a(mw_usbd_core.o)
                0x00001f04                USB_ReqGetDescriptor
 .text.USB_ReqGetInterface
                0x00001f88       0x34 C:\Users\Emilie1\Documents\MCUXpressoIDE_10.0.2_411\workspace\lpc_chip_40xx\libs\libusbd_40xx_lib.a(mw_usbd_core.o)
                0x00001f88                USB_ReqGetInterface
 .text.USB_ReqSetClrFeature
                0x00001fbc       0xb4 C:\Users\Emilie1\Documents\MCUXpressoIDE_10.0.2_411\workspace\lpc_chip_40xx\libs\libusbd_40xx_lib.a(mw_usbd_core.o)
                0x00001fbc                USB_ReqSetClrFeature
 .text.USB_ReqSetConfiguration
                0x00002070      0x194 C:\Users\Emilie1\Documents\MCUXpressoIDE_10.0.2_411\workspace\lpc_chip_40xx\libs\libusbd_40xx_lib.a(mw_usbd_core.o)
                0x00002070                USB_ReqSetConfiguration
 .text.USB_ReqSetInterface
                0x00002204      0x144 C:\Users\Emilie1\Documents\MCUXpressoIDE_10.0.2_411\workspace\lpc_chip_40xx\libs\libusbd_40xx_lib.a(mw_usbd_core.o)
                0x00002204                USB_ReqSetInterface
 .text.mwUSB_SetupStage
                0x00002348        0xa C:\Users\Emilie1\Documents\MCUXpressoIDE_10.0.2_411\workspace\lpc_chip_40xx\libs\libusbd_40xx_lib.a(mw_usbd_core.o)
                0x00002348                mwUSB_SetupStage
 .text.mwUSB_DataInStage
                0x00002352       0x2e C:\Users\Emilie1\Documents\MCUXpressoIDE_10.0.2_411\workspace\lpc_chip_40xx\libs\libusbd_40xx_lib.a(mw_usbd_core.o)
                0x00002352                mwUSB_DataInStage
 .text.mwUSB_DataOutStage
                0x00002380       0x24 C:\Users\Emilie1\Documents\MCUXpressoIDE_10.0.2_411\workspace\lpc_chip_40xx\libs\libusbd_40xx_lib.a(mw_usbd_core.o)
                0x00002380                mwUSB_DataOutStage
 .text.mwUSB_StatusInStage
                0x000023a4        0xa C:\Users\Emilie1\Documents\MCUXpressoIDE_10.0.2_411\workspace\lpc_chip_40xx\libs\libusbd_40xx_lib.a(mw_usbd_core.o)
                0x000023a4                mwUSB_StatusInStage
 .text.mwUSB_StatusOutStage
                0x000023ae        0xa C:\Users\Emilie1\Documents\MCUXpressoIDE_10.0.2_411\workspace\lpc_chip_40xx\libs\libusbd_40xx_lib.a(mw_usbd_core.o)
                0x000023ae                mwUSB_StatusOutStage
 .text.mwUSB_StallEp0
                0x000023b8       0x12 C:\Users\Emilie1\Documents\MCUXpressoIDE_10.0.2_411\workspace\lpc_chip_40xx\libs\libusbd_40xx_lib.a(mw_usbd_core.o)
                0x000023b8                mwUSB_StallEp0
 *fill*         0x000023ca        0x2 ff
 .text.USB_ReqSetAddress
                0x000023cc       0x24 C:\Users\Emilie1\Documents\MCUXpressoIDE_10.0.2_411\workspace\lpc_chip_40xx\libs\libusbd_40xx_lib.a(mw_usbd_core.o)
                0x000023cc                USB_ReqSetAddress
 .text.USB_InvokeEp0Hdlrs
                0x000023f0       0x44 C:\Users\Emilie1\Documents\MCUXpressoIDE_10.0.2_411\workspace\lpc_chip_40xx\libs\libusbd_40xx_lib.a(mw_usbd_core.o)
                0x000023f0                USB_InvokeEp0Hdlrs
 .text.mwUSB_ResetCore
                0x00002434       0x26 C:\Users\Emilie1\Documents\MCUXpressoIDE_10.0.2_411\workspace\lpc_chip_40xx\libs\libusbd_40xx_lib.a(mw_usbd_core.o)
                0x00002434                mwUSB_ResetCore
 *fill*         0x0000245a        0x2 ff
 .text.USB_EvtSetupHandler
                0x0000245c      0x108 C:\Users\Emilie1\Documents\MCUXpressoIDE_10.0.2_411\workspace\lpc_chip_40xx\libs\libusbd_40xx_lib.a(mw_usbd_core.o)
                0x0000245c                USB_EvtSetupHandler
 .text.USB_EvtOutHandler
                0x00002564       0x68 C:\Users\Emilie1\Documents\MCUXpressoIDE_10.0.2_411\workspace\lpc_chip_40xx\libs\libusbd_40xx_lib.a(mw_usbd_core.o)
                0x00002564                USB_EvtOutHandler
 .text.USB_EndPoint0
                0x000025cc       0x94 C:\Users\Emilie1\Documents\MCUXpressoIDE_10.0.2_411\workspace\lpc_chip_40xx\libs\libusbd_40xx_lib.a(mw_usbd_core.o)
                0x000025cc                USB_EndPoint0
 .text.mwUSB_InitCore
                0x00002660       0xdc C:\Users\Emilie1\Documents\MCUXpressoIDE_10.0.2_411\workspace\lpc_chip_40xx\libs\libusbd_40xx_lib.a(mw_usbd_core.o)
                0x00002660                mwUSB_InitCore
 .text.mwUSB_RegisterClassHandler
                0x0000273c       0x28 C:\Users\Emilie1\Documents\MCUXpressoIDE_10.0.2_411\workspace\lpc_chip_40xx\libs\libusbd_40xx_lib.a(mw_usbd_core.o)
                0x0000273c                mwUSB_RegisterClassHandler
 .text.mwUSB_RegisterEpHandler
                0x00002764       0x24 C:\Users\Emilie1\Documents\MCUXpressoIDE_10.0.2_411\workspace\lpc_chip_40xx\libs\libusbd_40xx_lib.a(mw_usbd_core.o)
                0x00002764                mwUSB_RegisterEpHandler
 .text.mwHID_GetReportDesc
                0x00002788       0x1c C:\Users\Emilie1\Documents\MCUXpressoIDE_10.0.2_411\workspace\lpc_chip_40xx\libs\libusbd_40xx_lib.a(mw_usbd_hiduser.o)
                0x00002788                mwHID_GetReportDesc
 .text.mwHID_GetIdle
                0x000027a4       0x16 C:\Users\Emilie1\Documents\MCUXpressoIDE_10.0.2_411\workspace\lpc_chip_40xx\libs\libusbd_40xx_lib.a(mw_usbd_hiduser.o)
                0x000027a4                mwHID_GetIdle
 .text.mwHID_SetIdle
                0x000027ba       0x24 C:\Users\Emilie1\Documents\MCUXpressoIDE_10.0.2_411\workspace\lpc_chip_40xx\libs\libusbd_40xx_lib.a(mw_usbd_hiduser.o)
                0x000027ba                mwHID_SetIdle
 .text.mwHID_SetProtocol
                0x000027de       0x1a C:\Users\Emilie1\Documents\MCUXpressoIDE_10.0.2_411\workspace\lpc_chip_40xx\libs\libusbd_40xx_lib.a(mw_usbd_hiduser.o)
                0x000027de                mwHID_SetProtocol
 .text.mwHID_ep0_hdlr
                0x000027f8      0x188 C:\Users\Emilie1\Documents\MCUXpressoIDE_10.0.2_411\workspace\lpc_chip_40xx\libs\libusbd_40xx_lib.a(mw_usbd_hiduser.o)
                0x000027f8                mwHID_ep0_hdlr
 .text.mwHID_GetMemSize
                0x00002980        0xa C:\Users\Emilie1\Documents\MCUXpressoIDE_10.0.2_411\workspace\lpc_chip_40xx\libs\libusbd_40xx_lib.a(mw_usbd_hiduser.o)
                0x00002980                mwHID_GetMemSize
 *fill*         0x0000298a        0x2 ff
 .text.mwHID_init
                0x0000298c      0x178 C:\Users\Emilie1\Documents\MCUXpressoIDE_10.0.2_411\workspace\lpc_chip_40xx\libs\libusbd_40xx_lib.a(mw_usbd_hiduser.o)
                0x0000298c                mwHID_init
 .text.__main   0x00002b04        0xe c:/nxp/mcuxpressoide_10.0.2_411/ide/tools/bin/../lib/gcc/arm-none-eabi/5.4.1/../../../../arm-none-eabi/lib/armv7e-m/softfp\libcr_nohost.a(_cr__main.o)
                0x00002b04                __main
 .text.memcpy   0x00002b12        0x4 c:/nxp/mcuxpressoide_10.0.2_411/ide/tools/bin/../lib/gcc/arm-none-eabi/5.4.1/../../../../arm-none-eabi/lib/armv7e-m/softfp\libcr_c.a(memcpy.o)
                0x00002b12                memcpy
 .text.memset   0x00002b16        0x4 c:/nxp/mcuxpressoide_10.0.2_411/ide/tools/bin/../lib/gcc/arm-none-eabi/5.4.1/../../../../arm-none-eabi/lib/armv7e-m/softfp\libcr_c.a(memset.o)
                0x00002b16                memset
 *fill*         0x00002b1a        0x2 ff
 .text._initio  0x00002b1c       0x78 c:/nxp/mcuxpressoide_10.0.2_411/ide/tools/bin/../lib/gcc/arm-none-eabi/5.4.1/../../../../arm-none-eabi/lib/armv7e-m/softfp\libcr_c.a(initio.o)
                0x00002b1c                _initio
 .text.setvbuf  0x00002b94       0x44 c:/nxp/mcuxpressoide_10.0.2_411/ide/tools/bin/../lib/gcc/arm-none-eabi/5.4.1/../../../../arm-none-eabi/lib/armv7e-m/softfp\libcr_c.a(setvbuf.o)
                0x00002b94                setvbuf
 .text._fdopen  0x00002bd8       0x6a c:/nxp/mcuxpressoide_10.0.2_411/ide/tools/bin/../lib/gcc/arm-none-eabi/5.4.1/../../../../arm-none-eabi/lib/armv7e-m/softfp\libcr_c.a(_fdopen.o)
                0x00002bd8                _fdopen
 .text.fclose   0x00002c42       0x58 c:/nxp/mcuxpressoide_10.0.2_411/ide/tools/bin/../lib/gcc/arm-none-eabi/5.4.1/../../../../arm-none-eabi/lib/armv7e-m/softfp\libcr_c.a(fclose.o)
                0x00002c42                fclose
 *fill*         0x00002c9a        0x2 ff
 .text.fflush   0x00002c9c       0x48 c:/nxp/mcuxpressoide_10.0.2_411/ide/tools/bin/../lib/gcc/arm-none-eabi/5.4.1/../../../../arm-none-eabi/lib/armv7e-m/softfp\libcr_c.a(fflush.o)
                0x00002c9c                fflush
 .text.fseek    0x00002ce4      0x100 c:/nxp/mcuxpressoide_10.0.2_411/ide/tools/bin/../lib/gcc/arm-none-eabi/5.4.1/../../../../arm-none-eabi/lib/armv7e-m/softfp\libcr_c.a(fseek.o)
                0x00002ce4                fseek
 .text.ftell    0x00002de4       0x48 c:/nxp/mcuxpressoide_10.0.2_411/ide/tools/bin/../lib/gcc/arm-none-eabi/5.4.1/../../../../arm-none-eabi/lib/armv7e-m/softfp\libcr_c.a(ftell.o)
                0x00002de4                ftell
 .text.remove   0x00002e2c       0x14 c:/nxp/mcuxpressoide_10.0.2_411/ide/tools/bin/../lib/gcc/arm-none-eabi/5.4.1/../../../../arm-none-eabi/lib/armv7e-m/softfp\libcr_c.a(remove.o)
                0x00002e2c                remove
 .text.strlen   0x00002e40       0x4a c:/nxp/mcuxpressoide_10.0.2_411/ide/tools/bin/../lib/gcc/arm-none-eabi/5.4.1/../../../../arm-none-eabi/lib/armv7e-m/softfp\libcr_c.a(strlen.o)
                0x00002e40                strlen
 .text._do_fflush
                0x00002e8a       0x42 c:/nxp/mcuxpressoide_10.0.2_411/ide/tools/bin/../lib/gcc/arm-none-eabi/5.4.1/../../../../arm-none-eabi/lib/armv7e-m/softfp\libcr_c.a(_do_fflush.o)
                0x00002e8a                _do_fflush
 .text._fflush  0x00002ecc       0x54 c:/nxp/mcuxpressoide_10.0.2_411/ide/tools/bin/../lib/gcc/arm-none-eabi/5.4.1/../../../../arm-none-eabi/lib/armv7e-m/softfp\libcr_c.a(_fflush.o)
                0x00002ecc                _fflush
 .text._Cwritebuf
                0x00002f20       0x68 c:/nxp/mcuxpressoide_10.0.2_411/ide/tools/bin/../lib/gcc/arm-none-eabi/5.4.1/../../../../arm-none-eabi/lib/armv7e-m/softfp\libcr_c.a(_writebuf.o)
                0x00002f20                _Cwritebuf
 .text.free     0x00002f88       0x30 c:/nxp/mcuxpressoide_10.0.2_411/ide/tools/bin/../lib/gcc/arm-none-eabi/5.4.1/../../../../arm-none-eabi/lib/armv7e-m/softfp\libcr_c.a(alloc.o)
                0x00002f88                free
 .text._deferredlazyseek
                0x00002fb8       0x40 c:/nxp/mcuxpressoide_10.0.2_411/ide/tools/bin/../lib/gcc/arm-none-eabi/5.4.1/../../../../arm-none-eabi/lib/armv7e-m/softfp\libcr_c.a(_deferredlazyseek.o)
                0x00002fb8                _deferredlazyseek
 .text.__aeabi_memcpy
                0x00002ff8       0x34 c:/nxp/mcuxpressoide_10.0.2_411/ide/tools/bin/../lib/gcc/arm-none-eabi/5.4.1/armv7e-m/softfp\libcr_eabihelpers.a(memcpy.o)
                0x00002ff8                __aeabi_memcpy
                0x00003002                __aeabi_memcpy8
                0x00003002                __aeabi_memcpy4
 .text.__aeabi_memset_lowlevel
                0x0000302c       0x32 c:/nxp/mcuxpressoide_10.0.2_411/ide/tools/bin/../lib/gcc/arm-none-eabi/5.4.1/armv7e-m/softfp\libcr_eabihelpers.a(memcpy.o)
                0x0000302c                __aeabi_lowlevel_memset
 .text.__sys_close
                0x0000305e        0x6 c:/nxp/mcuxpressoide_10.0.2_411/ide/tools/bin/../lib/gcc/arm-none-eabi/5.4.1/../../../../arm-none-eabi/lib/armv7e-m/softfp\libcr_nohost.a(__sys_close.o)
                0x0000305e                __sys_close
 .text.__sys_flen
                0x00003064        0x6 c:/nxp/mcuxpressoide_10.0.2_411/ide/tools/bin/../lib/gcc/arm-none-eabi/5.4.1/../../../../arm-none-eabi/lib/armv7e-m/softfp\libcr_nohost.a(__sys_flen.o)
                0x00003064                __sys_flen
 .text.__sys_istty
                0x0000306a        0x6 c:/nxp/mcuxpressoide_10.0.2_411/ide/tools/bin/../lib/gcc/arm-none-eabi/5.4.1/../../../../arm-none-eabi/lib/armv7e-m/softfp\libcr_nohost.a(__sys_istty.o)
                0x0000306a                __sys_istty
 .text.__sys_remove
                0x00003070        0x6 c:/nxp/mcuxpressoide_10.0.2_411/ide/tools/bin/../lib/gcc/arm-none-eabi/5.4.1/../../../../arm-none-eabi/lib/armv7e-m/softfp\libcr_nohost.a(__sys_remove.o)
                0x00003070                __sys_remove
 .text.__sys_seek
                0x00003076        0x6 c:/nxp/mcuxpressoide_10.0.2_411/ide/tools/bin/../lib/gcc/arm-none-eabi/5.4.1/../../../../arm-none-eabi/lib/armv7e-m/softfp\libcr_nohost.a(__sys_seek.o)
                0x00003076                __sys_seek
 .text.__sys_tmpnam
                0x0000307c        0x6 c:/nxp/mcuxpressoide_10.0.2_411/ide/tools/bin/../lib/gcc/arm-none-eabi/5.4.1/../../../../arm-none-eabi/lib/armv7e-m/softfp\libcr_nohost.a(__sys_tmpnam.o)
                0x0000307c                __sys_tmpnam
 .text.__sys_write
                0x00003082        0x4 c:/nxp/mcuxpressoide_10.0.2_411/ide/tools/bin/../lib/gcc/arm-none-eabi/5.4.1/../../../../arm-none-eabi/lib/armv7e-m/softfp\libcr_nohost.a(__sys_write.o)
                0x00003082                __sys_write
 *(.rodata .rodata.* .constdata .constdata.*)
 *fill*         0x00003086        0x2 ff
 .rodata.Mouse_ReportDescriptor
                0x00003088       0x32 ./example/src/hid_desc.o
                0x00003088                Mouse_ReportDescriptor
 .rodata.Mouse_ReportDescSize
                0x000030ba        0x2 ./example/src/hid_desc.o
                0x000030ba                Mouse_ReportDescSize
 .rodata.USB_DeviceDescriptor
                0x000030bc       0x12 ./example/src/hid_desc.o
                0x000030bc                USB_DeviceDescriptor
 *fill*         0x000030ce        0x2 ff
 .rodata.USB_StringDescriptor
                0x000030d0       0x7a ./example/src/hid_desc.o
                0x000030d0                USB_StringDescriptor
 *fill*         0x0000314a        0x2 ff
 .rodata.g_usbApi
                0x0000314c       0x20 ./example/src/hid_main.o
 .rodata.ledports
                0x0000316c        0x4 C:\Users\Emilie1\Documents\MCUXpressoIDE_10.0.2_411\workspace\lpc_board_ea_devkit_4088\Debug\liblpc_board_ea_devkit_4088.a(board.o)
 .rodata.ledpins
                0x00003170        0x4 C:\Users\Emilie1\Documents\MCUXpressoIDE_10.0.2_411\workspace\lpc_board_ea_devkit_4088\Debug\liblpc_board_ea_devkit_4088.a(board.o)
 .rodata.portButton
                0x00003174        0x5 C:\Users\Emilie1\Documents\MCUXpressoIDE_10.0.2_411\workspace\lpc_board_ea_devkit_4088\Debug\liblpc_board_ea_devkit_4088.a(board.o)
 *fill*         0x00003179        0x3 ff
 .rodata.pinButton
                0x0000317c        0x5 C:\Users\Emilie1\Documents\MCUXpressoIDE_10.0.2_411\workspace\lpc_board_ea_devkit_4088\Debug\liblpc_board_ea_devkit_4088.a(board.o)
 *fill*         0x00003181        0x3 ff
 .rodata.stateButton
                0x00003184        0x5 C:\Users\Emilie1\Documents\MCUXpressoIDE_10.0.2_411\workspace\lpc_board_ea_devkit_4088\Debug\liblpc_board_ea_devkit_4088.a(board.o)
 *fill*         0x00003189        0x3 ff
 .rodata.pinmuxing
                0x0000318c       0x88 C:\Users\Emilie1\Documents\MCUXpressoIDE_10.0.2_411\workspace\lpc_board_ea_devkit_4088\Debug\liblpc_board_ea_devkit_4088.a(board_sysinit.o)
 .rodata.IS42S32800D_config
                0x00003214       0x74 C:\Users\Emilie1\Documents\MCUXpressoIDE_10.0.2_411\workspace\lpc_board_ea_devkit_4088\Debug\liblpc_board_ea_devkit_4088.a(board_sysinit.o)
 .rodata.SST39VF320_config
                0x00003288       0x20 C:\Users\Emilie1\Documents\MCUXpressoIDE_10.0.2_411\workspace\lpc_board_ea_devkit_4088\Debug\liblpc_board_ea_devkit_4088.a(board_sysinit.o)
 .rodata.K9F1G_config
                0x000032a8       0x20 C:\Users\Emilie1\Documents\MCUXpressoIDE_10.0.2_411\workspace\lpc_board_ea_devkit_4088\Debug\liblpc_board_ea_devkit_4088.a(board_sysinit.o)
 .rodata.hw_api
                0x000032c8       0x5c C:\Users\Emilie1\Documents\MCUXpressoIDE_10.0.2_411\workspace\lpc_chip_40xx\libs\libusbd_40xx_lib.a(mw_usbd_rom_api.o)
                0x000032c8                hw_api
 .rodata.core_api
                0x00003324       0x20 C:\Users\Emilie1\Documents\MCUXpressoIDE_10.0.2_411\workspace\lpc_chip_40xx\libs\libusbd_40xx_lib.a(mw_usbd_rom_api.o)
                0x00003324                core_api
 .rodata.hid_api
                0x00003344        0x8 C:\Users\Emilie1\Documents\MCUXpressoIDE_10.0.2_411\workspace\lpc_chip_40xx\libs\libusbd_40xx_lib.a(mw_usbd_rom_api.o)
                0x00003344                hid_api
 .rodata.str1.1
                0x0000334c        0x4 c:/nxp/mcuxpressoide_10.0.2_411/ide/tools/bin/../lib/gcc/arm-none-eabi/5.4.1/../../../../arm-none-eabi/lib/armv7e-m/softfp\libcr_c.a(initio.o)
 .rodata.__num_Ciob_streams
                0x00003350        0x4 c:/nxp/mcuxpressoide_10.0.2_411/ide/tools/bin/../lib/gcc/arm-none-eabi/5.4.1/../../../../arm-none-eabi/lib/armv7e-m/softfp\libcr_nohost.a(__ciob.o)
                0x00003350                __num_Ciob_streams
                0x00003354                . = ALIGN (0x4)

.glue_7         0x00003354        0x0
 .glue_7        0x00003354        0x0 linker stubs

.glue_7t        0x00003354        0x0
 .glue_7t       0x00003354        0x0 linker stubs

.vfp11_veneer   0x00003354        0x0
 .vfp11_veneer  0x00003354        0x0 linker stubs

.v4_bx          0x00003354        0x0
 .v4_bx         0x00003354        0x0 linker stubs

.iplt           0x00003354        0x0
 .iplt          0x00003354        0x0 ./example/src/cr_startup_lpc40xx.o

.rel.dyn        0x00003354        0x0
 .rel.iplt      0x00003354        0x0 ./example/src/cr_startup_lpc40xx.o

.ARM.extab
 *(.ARM.extab* .gnu.linkonce.armextab.*)
                0x00003354                __exidx_start = .

.ARM.exidx
 *(.ARM.exidx* .gnu.linkonce.armexidx.*)
                0x00003354                __exidx_end = .
                0x00003354                _etext = .

.data_RAM2      0x20000000        0x0 load address 0x00003354
 FILL mask 0xff
                [!provide]                PROVIDE (__start_data_RAM2, .)
 *(.ramfunc.$RAM2)
 *(.ramfunc.$RamPeriph32)
 *(.data.$RAM2*)
 *(.data.$RamPeriph32*)
                0x20000000                . = ALIGN (0x4)
                [!provide]                PROVIDE (__end_data_RAM2, .)

.uninit_RESERVED
                0x10000000        0x0
 *(.bss.$RESERVED*)
                0x10000000                . = ALIGN (0x4)
                0x10000000                _end_uninit_RESERVED = .

.data           0x10000000       0x28 load address 0x00003354
 FILL mask 0xff
                0x10000000                _data = .
 *(vtable)
 *(.ramfunc*)
 *(.data*)
 .data.USB_FsConfigDescriptor
                0x10000000       0x23 ./example/src/hid_desc.o
                0x10000000                USB_FsConfigDescriptor
 *fill*         0x10000023        0x1 ff
 .data.g_pUsbApi
                0x10000024        0x4 ./example/src/hid_main.o
                0x10000024                g_pUsbApi
                0x10000028                . = ALIGN (0x4)
                0x10000028                _edata = .

.igot.plt       0x10000028        0x0 load address 0x0000337c
 .igot.plt      0x10000028        0x0 ./example/src/cr_startup_lpc40xx.o

.bss_RAM2       0x20000000        0x0
                [!provide]                PROVIDE (__start_bss_RAM2, .)
 *(.bss.$RAM2*)
 *(.bss.$RamPeriph32*)
                0x20000000                . = ALIGN ((. != 0x0)?0x4:0x1)
                [!provide]                PROVIDE (__end_bss_RAM2, .)

.bss            0x10000028      0x1f4
                0x10000028                _bss = .
 *(.bss*)
 .bss.g_hUsb    0x10000028        0x4 ./example/src/hid_main.o
 .bss.g_mouse   0x1000002c        0x8 ./example/src/hid_mouse.o
 .bss.errno     0x10000034        0x4 c:/nxp/mcuxpressoide_10.0.2_411/ide/tools/bin/../lib/gcc/arm-none-eabi/5.4.1/../../../../arm-none-eabi/lib/armv7e-m/softfp\libcr_c.a(errno.o)
                0x10000034                errno
 .bss.__Ciob    0x10000038      0x1e0 c:/nxp/mcuxpressoide_10.0.2_411/ide/tools/bin/../lib/gcc/arm-none-eabi/5.4.1/../../../../arm-none-eabi/lib/armv7e-m/softfp\libcr_nohost.a(__ciob.o)
                0x10000038                __Ciob
 *(COMMON)
 COMMON         0x10000218        0x4 C:\Users\Emilie1\Documents\MCUXpressoIDE_10.0.2_411\workspace\lpc_chip_40xx\Debug\liblpc_chip_40xx.a(chip_17xx_40xx.o)
                0x10000218                SystemCoreClock
                0x1000021c                . = ALIGN (0x4)
                0x1000021c                _ebss = .
                [!provide]                PROVIDE (end, .)

.noinit_RAM2    0x20000000        0x0
 *(.noinit.$RAM2*)
 *(.noinit.$RamPeriph32*)
                0x20000000                . = ALIGN (0x4)

.noinit         0x1000021c        0x0
                0x1000021c                _noinit = .
 *(.noinit*)
                0x1000021c                . = ALIGN (0x4)
                0x1000021c                _end_noinit = .
                0x1000021c                PROVIDE (_pvHeapStart, DEFINED (__user_heap_base)?__user_heap_base:.)
                0x10010000                PROVIDE (_vStackTop, DEFINED (__user_stack_top)?__user_stack_top:(__top_RamLoc64 - 0x0))
                [!provide]                PROVIDE (__valid_user_code_checksum, (0x0 - ((((((_vStackTop + (ResetISR + 0x1)) + (NMI_Handler + 0x1)) + (HardFault_Handler + 0x1)) + (DEFINED (MemManage_Handler)?MemManage_Handler:0x0 + 0x1)) + (DEFINED (BusFault_Handler)?BusFault_Handler:0x0 + 0x1)) + (DEFINED (UsageFault_Handler)?UsageFault_Handler:0x0 + 0x1))))
OUTPUT(usbd_lib_hid_mouse_ISD_EXERCISE.axf elf32-littlearm)

.debug_info     0x00000000     0xf139
 .debug_info    0x00000000      0x262 ./example/src/cr_startup_lpc40xx.o
 .debug_info    0x00000262      0x13a ./example/src/hid_desc.o
 .debug_info    0x0000039c     0x190f ./example/src/hid_main.o
 .debug_info    0x00001cab     0x1b16 ./example/src/hid_mouse.o
 .debug_info    0x000037c1      0x105 ./example/src/sysinit.o
 .debug_info    0x000038c6     0x1b23 C:\Users\Emilie1\Documents\MCUXpressoIDE_10.0.2_411\workspace\lpc_board_ea_devkit_4088\Debug\liblpc_board_ea_devkit_4088.a(board.o)
 .debug_info    0x000053e9      0xa11 C:\Users\Emilie1\Documents\MCUXpressoIDE_10.0.2_411\workspace\lpc_board_ea_devkit_4088\Debug\liblpc_board_ea_devkit_4088.a(board_sysinit.o)
 .debug_info    0x00005dfa      0x5ef C:\Users\Emilie1\Documents\MCUXpressoIDE_10.0.2_411\workspace\lpc_chip_40xx\Debug\liblpc_chip_40xx.a(chip_17xx_40xx.o)
 .debug_info    0x000063e9      0xb7a C:\Users\Emilie1\Documents\MCUXpressoIDE_10.0.2_411\workspace\lpc_chip_40xx\Debug\liblpc_chip_40xx.a(clock_17xx_40xx.o)
 .debug_info    0x00006f63      0xc4c C:\Users\Emilie1\Documents\MCUXpressoIDE_10.0.2_411\workspace\lpc_chip_40xx\Debug\liblpc_chip_40xx.a(emc_17xx_40xx.o)
 .debug_info    0x00007baf      0x128 C:\Users\Emilie1\Documents\MCUXpressoIDE_10.0.2_411\workspace\lpc_chip_40xx\Debug\liblpc_chip_40xx.a(fpu_init.o)
 .debug_info    0x00007cd7      0x1f3 C:\Users\Emilie1\Documents\MCUXpressoIDE_10.0.2_411\workspace\lpc_chip_40xx\Debug\liblpc_chip_40xx.a(iocon_17xx_40xx.o)
 .debug_info    0x00007eca      0x507 C:\Users\Emilie1\Documents\MCUXpressoIDE_10.0.2_411\workspace\lpc_chip_40xx\Debug\liblpc_chip_40xx.a(sysctl_17xx_40xx.o)
 .debug_info    0x000083d1      0x4e1 C:\Users\Emilie1\Documents\MCUXpressoIDE_10.0.2_411\workspace\lpc_chip_40xx\Debug\liblpc_chip_40xx.a(sysinit_17xx_40xx.o)
 .debug_info    0x000088b2     0x14f8 C:\Users\Emilie1\Documents\MCUXpressoIDE_10.0.2_411\workspace\lpc_chip_40xx\libs\libusbd_40xx_lib.a(mw_usbd_rom_api.o)
 .debug_info    0x00009daa     0x1f75 C:\Users\Emilie1\Documents\MCUXpressoIDE_10.0.2_411\workspace\lpc_chip_40xx\libs\libusbd_40xx_lib.a(hw_usbd_ip3503.o)
 .debug_info    0x0000bd1f     0x1f80 C:\Users\Emilie1\Documents\MCUXpressoIDE_10.0.2_411\workspace\lpc_chip_40xx\libs\libusbd_40xx_lib.a(mw_usbd_core.o)
 .debug_info    0x0000dc9f     0x149a C:\Users\Emilie1\Documents\MCUXpressoIDE_10.0.2_411\workspace\lpc_chip_40xx\libs\libusbd_40xx_lib.a(mw_usbd_hiduser.o)

.debug_abbrev   0x00000000     0x237c
 .debug_abbrev  0x00000000       0xf5 ./example/src/cr_startup_lpc40xx.o
 .debug_abbrev  0x000000f5       0x60 ./example/src/hid_desc.o
 .debug_abbrev  0x00000155      0x298 ./example/src/hid_main.o
 .debug_abbrev  0x000003ed      0x2c3 ./example/src/hid_mouse.o
 .debug_abbrev  0x000006b0       0xa3 ./example/src/sysinit.o
 .debug_abbrev  0x00000753      0x36a C:\Users\Emilie1\Documents\MCUXpressoIDE_10.0.2_411\workspace\lpc_board_ea_devkit_4088\Debug\liblpc_board_ea_devkit_4088.a(board.o)
 .debug_abbrev  0x00000abd      0x234 C:\Users\Emilie1\Documents\MCUXpressoIDE_10.0.2_411\workspace\lpc_board_ea_devkit_4088\Debug\liblpc_board_ea_devkit_4088.a(board_sysinit.o)
 .debug_abbrev  0x00000cf1      0x15e C:\Users\Emilie1\Documents\MCUXpressoIDE_10.0.2_411\workspace\lpc_chip_40xx\Debug\liblpc_chip_40xx.a(chip_17xx_40xx.o)
 .debug_abbrev  0x00000e4f      0x2b4 C:\Users\Emilie1\Documents\MCUXpressoIDE_10.0.2_411\workspace\lpc_chip_40xx\Debug\liblpc_chip_40xx.a(clock_17xx_40xx.o)
 .debug_abbrev  0x00001103      0x1fb C:\Users\Emilie1\Documents\MCUXpressoIDE_10.0.2_411\workspace\lpc_chip_40xx\Debug\liblpc_chip_40xx.a(emc_17xx_40xx.o)
 .debug_abbrev  0x000012fe       0x84 C:\Users\Emilie1\Documents\MCUXpressoIDE_10.0.2_411\workspace\lpc_chip_40xx\Debug\liblpc_chip_40xx.a(fpu_init.o)
 .debug_abbrev  0x00001382      0x122 C:\Users\Emilie1\Documents\MCUXpressoIDE_10.0.2_411\workspace\lpc_chip_40xx\Debug\liblpc_chip_40xx.a(iocon_17xx_40xx.o)
 .debug_abbrev  0x000014a4      0x14b C:\Users\Emilie1\Documents\MCUXpressoIDE_10.0.2_411\workspace\lpc_chip_40xx\Debug\liblpc_chip_40xx.a(sysctl_17xx_40xx.o)
 .debug_abbrev  0x000015ef      0x175 C:\Users\Emilie1\Documents\MCUXpressoIDE_10.0.2_411\workspace\lpc_chip_40xx\Debug\liblpc_chip_40xx.a(sysinit_17xx_40xx.o)
 .debug_abbrev  0x00001764      0x143 C:\Users\Emilie1\Documents\MCUXpressoIDE_10.0.2_411\workspace\lpc_chip_40xx\libs\libusbd_40xx_lib.a(mw_usbd_rom_api.o)
 .debug_abbrev  0x000018a7      0x3c7 C:\Users\Emilie1\Documents\MCUXpressoIDE_10.0.2_411\workspace\lpc_chip_40xx\libs\libusbd_40xx_lib.a(hw_usbd_ip3503.o)
 .debug_abbrev  0x00001c6e      0x3f6 C:\Users\Emilie1\Documents\MCUXpressoIDE_10.0.2_411\workspace\lpc_chip_40xx\libs\libusbd_40xx_lib.a(mw_usbd_core.o)
 .debug_abbrev  0x00002064      0x318 C:\Users\Emilie1\Documents\MCUXpressoIDE_10.0.2_411\workspace\lpc_chip_40xx\libs\libusbd_40xx_lib.a(mw_usbd_hiduser.o)

.debug_aranges  0x00000000      0x888
 .debug_aranges
                0x00000000       0x80 ./example/src/cr_startup_lpc40xx.o
 .debug_aranges
                0x00000080       0x18 ./example/src/hid_desc.o
 .debug_aranges
                0x00000098       0x40 ./example/src/hid_main.o
 .debug_aranges
                0x000000d8       0x60 ./example/src/hid_mouse.o
 .debug_aranges
                0x00000138       0x20 ./example/src/sysinit.o
 .debug_aranges
                0x00000158      0x1c8 C:\Users\Emilie1\Documents\MCUXpressoIDE_10.0.2_411\workspace\lpc_board_ea_devkit_4088\Debug\liblpc_board_ea_devkit_4088.a(board.o)
 .debug_aranges
                0x00000320       0x50 C:\Users\Emilie1\Documents\MCUXpressoIDE_10.0.2_411\workspace\lpc_board_ea_devkit_4088\Debug\liblpc_board_ea_devkit_4088.a(board_sysinit.o)
 .debug_aranges
                0x00000370       0x30 C:\Users\Emilie1\Documents\MCUXpressoIDE_10.0.2_411\workspace\lpc_chip_40xx\Debug\liblpc_chip_40xx.a(chip_17xx_40xx.o)
 .debug_aranges
                0x000003a0      0x138 C:\Users\Emilie1\Documents\MCUXpressoIDE_10.0.2_411\workspace\lpc_chip_40xx\Debug\liblpc_chip_40xx.a(clock_17xx_40xx.o)
 .debug_aranges
                0x000004d8       0x80 C:\Users\Emilie1\Documents\MCUXpressoIDE_10.0.2_411\workspace\lpc_chip_40xx\Debug\liblpc_chip_40xx.a(emc_17xx_40xx.o)
 .debug_aranges
                0x00000558       0x20 C:\Users\Emilie1\Documents\MCUXpressoIDE_10.0.2_411\workspace\lpc_chip_40xx\Debug\liblpc_chip_40xx.a(fpu_init.o)
 .debug_aranges
                0x00000578       0x28 C:\Users\Emilie1\Documents\MCUXpressoIDE_10.0.2_411\workspace\lpc_chip_40xx\Debug\liblpc_chip_40xx.a(iocon_17xx_40xx.o)
 .debug_aranges
                0x000005a0       0x28 C:\Users\Emilie1\Documents\MCUXpressoIDE_10.0.2_411\workspace\lpc_chip_40xx\Debug\liblpc_chip_40xx.a(sysctl_17xx_40xx.o)
 .debug_aranges
                0x000005c8       0x60 C:\Users\Emilie1\Documents\MCUXpressoIDE_10.0.2_411\workspace\lpc_chip_40xx\Debug\liblpc_chip_40xx.a(sysinit_17xx_40xx.o)
 .debug_aranges
                0x00000628       0x18 C:\Users\Emilie1\Documents\MCUXpressoIDE_10.0.2_411\workspace\lpc_chip_40xx\libs\libusbd_40xx_lib.a(mw_usbd_rom_api.o)
 .debug_aranges
                0x00000640      0x118 C:\Users\Emilie1\Documents\MCUXpressoIDE_10.0.2_411\workspace\lpc_chip_40xx\libs\libusbd_40xx_lib.a(hw_usbd_ip3503.o)
 .debug_aranges
                0x00000758       0xd8 C:\Users\Emilie1\Documents\MCUXpressoIDE_10.0.2_411\workspace\lpc_chip_40xx\libs\libusbd_40xx_lib.a(mw_usbd_core.o)
 .debug_aranges
                0x00000830       0x58 C:\Users\Emilie1\Documents\MCUXpressoIDE_10.0.2_411\workspace\lpc_chip_40xx\libs\libusbd_40xx_lib.a(mw_usbd_hiduser.o)

.debug_ranges   0x00000000      0x770
 .debug_ranges  0x00000000       0x70 ./example/src/cr_startup_lpc40xx.o
 .debug_ranges  0x00000070       0x30 ./example/src/hid_main.o
 .debug_ranges  0x000000a0       0x50 ./example/src/hid_mouse.o
 .debug_ranges  0x000000f0       0x10 ./example/src/sysinit.o
 .debug_ranges  0x00000100      0x1b8 C:\Users\Emilie1\Documents\MCUXpressoIDE_10.0.2_411\workspace\lpc_board_ea_devkit_4088\Debug\liblpc_board_ea_devkit_4088.a(board.o)
 .debug_ranges  0x000002b8       0x40 C:\Users\Emilie1\Documents\MCUXpressoIDE_10.0.2_411\workspace\lpc_board_ea_devkit_4088\Debug\liblpc_board_ea_devkit_4088.a(board_sysinit.o)
 .debug_ranges  0x000002f8       0x20 C:\Users\Emilie1\Documents\MCUXpressoIDE_10.0.2_411\workspace\lpc_chip_40xx\Debug\liblpc_chip_40xx.a(chip_17xx_40xx.o)
 .debug_ranges  0x00000318      0x128 C:\Users\Emilie1\Documents\MCUXpressoIDE_10.0.2_411\workspace\lpc_chip_40xx\Debug\liblpc_chip_40xx.a(clock_17xx_40xx.o)
 .debug_ranges  0x00000440       0x70 C:\Users\Emilie1\Documents\MCUXpressoIDE_10.0.2_411\workspace\lpc_chip_40xx\Debug\liblpc_chip_40xx.a(emc_17xx_40xx.o)
 .debug_ranges  0x000004b0       0x10 C:\Users\Emilie1\Documents\MCUXpressoIDE_10.0.2_411\workspace\lpc_chip_40xx\Debug\liblpc_chip_40xx.a(fpu_init.o)
 .debug_ranges  0x000004c0       0x18 C:\Users\Emilie1\Documents\MCUXpressoIDE_10.0.2_411\workspace\lpc_chip_40xx\Debug\liblpc_chip_40xx.a(iocon_17xx_40xx.o)
 .debug_ranges  0x000004d8       0x18 C:\Users\Emilie1\Documents\MCUXpressoIDE_10.0.2_411\workspace\lpc_chip_40xx\Debug\liblpc_chip_40xx.a(sysctl_17xx_40xx.o)
 .debug_ranges  0x000004f0       0x50 C:\Users\Emilie1\Documents\MCUXpressoIDE_10.0.2_411\workspace\lpc_chip_40xx\Debug\liblpc_chip_40xx.a(sysinit_17xx_40xx.o)
 .debug_ranges  0x00000540      0x108 C:\Users\Emilie1\Documents\MCUXpressoIDE_10.0.2_411\workspace\lpc_chip_40xx\libs\libusbd_40xx_lib.a(hw_usbd_ip3503.o)
 .debug_ranges  0x00000648       0xe0 C:\Users\Emilie1\Documents\MCUXpressoIDE_10.0.2_411\workspace\lpc_chip_40xx\libs\libusbd_40xx_lib.a(mw_usbd_core.o)
 .debug_ranges  0x00000728       0x48 C:\Users\Emilie1\Documents\MCUXpressoIDE_10.0.2_411\workspace\lpc_chip_40xx\libs\libusbd_40xx_lib.a(mw_usbd_hiduser.o)

.debug_macro    0x00000000     0x8637
 .debug_macro   0x00000000       0x1d ./example/src/cr_startup_lpc40xx.o
 .debug_macro   0x0000001d      0x89e ./example/src/cr_startup_lpc40xx.o
 .debug_macro   0x000008bb       0xf5 ./example/src/hid_desc.o
 .debug_macro   0x000009b0       0x10 ./example/src/hid_desc.o
 .debug_macro   0x000009c0      0x12d ./example/src/hid_desc.o
 .debug_macro   0x00000aed      0x5b2 ./example/src/hid_desc.o
 .debug_macro   0x0000109f       0x22 ./example/src/hid_desc.o
 .debug_macro   0x000010c1       0x7b ./example/src/hid_desc.o
 .debug_macro   0x0000113c       0x18 ./example/src/hid_desc.o
 .debug_macro   0x00001154      0x26c ./example/src/hid_desc.o
 .debug_macro   0x000013c0       0x52 ./example/src/hid_desc.o
 .debug_macro   0x00001412       0x12 ./example/src/hid_desc.o
 .debug_macro   0x00001424       0xfa ./example/src/hid_desc.o
 .debug_macro   0x0000151e       0xee ./example/src/hid_desc.o
 .debug_macro   0x0000160c      0x693 ./example/src/hid_desc.o
 .debug_macro   0x00001c9f      0x272 ./example/src/hid_desc.o
 .debug_macro   0x00001f11       0x10 ./example/src/hid_desc.o
 .debug_macro   0x00001f21      0x353 ./example/src/hid_main.o
 .debug_macro   0x00002274       0x16 ./example/src/hid_main.o
 .debug_macro   0x0000228a       0x2d ./example/src/hid_main.o
 .debug_macro   0x000022b7       0x3b ./example/src/hid_main.o
 .debug_macro   0x000022f2       0x2d ./example/src/hid_main.o
 .debug_macro   0x0000231f       0x42 ./example/src/hid_main.o
 .debug_macro   0x00002361      0xd39 ./example/src/hid_main.o
 .debug_macro   0x0000309a      0x295 ./example/src/hid_main.o
 .debug_macro   0x0000332f       0x50 ./example/src/hid_main.o
 .debug_macro   0x0000337f       0x34 ./example/src/hid_main.o
 .debug_macro   0x000033b3      0x152 ./example/src/hid_main.o
 .debug_macro   0x00003505       0x82 ./example/src/hid_main.o
 .debug_macro   0x00003587      0x48c ./example/src/hid_main.o
 .debug_macro   0x00003a13      0x12d ./example/src/hid_main.o
 .debug_macro   0x00003b40       0x6a ./example/src/hid_main.o
 .debug_macro   0x00003baa       0x34 ./example/src/hid_main.o
 .debug_macro   0x00003bde       0x58 ./example/src/hid_main.o
 .debug_macro   0x00003c36      0x236 ./example/src/hid_main.o
 .debug_macro   0x00003e6c      0x4c5 ./example/src/hid_main.o
 .debug_macro   0x00004331      0x1da ./example/src/hid_main.o
 .debug_macro   0x0000450b       0x10 ./example/src/hid_main.o
 .debug_macro   0x0000451b      0x21b ./example/src/hid_main.o
 .debug_macro   0x00004736      0x1b9 ./example/src/hid_main.o
 .debug_macro   0x000048ef       0x2e ./example/src/hid_main.o
 .debug_macro   0x0000491d       0x40 ./example/src/hid_main.o
 .debug_macro   0x0000495d      0x209 ./example/src/hid_main.o
 .debug_macro   0x00004b66      0x2b3 ./example/src/hid_main.o
 .debug_macro   0x00004e19      0x34c ./example/src/hid_main.o
 .debug_macro   0x00005165       0xb2 ./example/src/hid_main.o
 .debug_macro   0x00005217       0x16 ./example/src/hid_main.o
 .debug_macro   0x0000522d       0xb8 ./example/src/hid_main.o
 .debug_macro   0x000052e5       0x4c ./example/src/hid_main.o
 .debug_macro   0x00005331       0x16 ./example/src/hid_main.o
 .debug_macro   0x00005347      0x328 ./example/src/hid_main.o
 .debug_macro   0x0000566f       0x3a ./example/src/hid_main.o
 .debug_macro   0x000056a9       0x16 ./example/src/hid_main.o
 .debug_macro   0x000056bf       0xca ./example/src/hid_main.o
 .debug_macro   0x00005789       0x16 ./example/src/hid_main.o
 .debug_macro   0x0000579f       0x8e ./example/src/hid_main.o
 .debug_macro   0x0000582d      0x124 ./example/src/hid_main.o
 .debug_macro   0x00005951       0x6c ./example/src/hid_main.o
 .debug_macro   0x000059bd       0x9a ./example/src/hid_main.o
 .debug_macro   0x00005a57       0x20 ./example/src/hid_main.o
 .debug_macro   0x00005a77       0x2e ./example/src/hid_main.o
 .debug_macro   0x00005aa5       0x10 ./example/src/hid_main.o
 .debug_macro   0x00005ab5      0x34f ./example/src/hid_mouse.o
 .debug_macro   0x00005e04      0x296 ./example/src/sysinit.o
 .debug_macro   0x0000609a      0x3ce C:\Users\Emilie1\Documents\MCUXpressoIDE_10.0.2_411\workspace\lpc_board_ea_devkit_4088\Debug\liblpc_board_ea_devkit_4088.a(board.o)
 .debug_macro   0x00006468      0x8aa C:\Users\Emilie1\Documents\MCUXpressoIDE_10.0.2_411\workspace\lpc_board_ea_devkit_4088\Debug\liblpc_board_ea_devkit_4088.a(board.o)
 .debug_macro   0x00006d12       0x12 C:\Users\Emilie1\Documents\MCUXpressoIDE_10.0.2_411\workspace\lpc_board_ea_devkit_4088\Debug\liblpc_board_ea_devkit_4088.a(board.o)
 .debug_macro   0x00006d24      0x29c C:\Users\Emilie1\Documents\MCUXpressoIDE_10.0.2_411\workspace\lpc_board_ea_devkit_4088\Debug\liblpc_board_ea_devkit_4088.a(board_sysinit.o)
 .debug_macro   0x00006fc0      0x22c C:\Users\Emilie1\Documents\MCUXpressoIDE_10.0.2_411\workspace\lpc_chip_40xx\Debug\liblpc_chip_40xx.a(chip_17xx_40xx.o)
 .debug_macro   0x000071ec      0x8aa C:\Users\Emilie1\Documents\MCUXpressoIDE_10.0.2_411\workspace\lpc_chip_40xx\Debug\liblpc_chip_40xx.a(chip_17xx_40xx.o)
 .debug_macro   0x00007a96      0x22c C:\Users\Emilie1\Documents\MCUXpressoIDE_10.0.2_411\workspace\lpc_chip_40xx\Debug\liblpc_chip_40xx.a(clock_17xx_40xx.o)
 .debug_macro   0x00007cc2      0x232 C:\Users\Emilie1\Documents\MCUXpressoIDE_10.0.2_411\workspace\lpc_chip_40xx\Debug\liblpc_chip_40xx.a(emc_17xx_40xx.o)
 .debug_macro   0x00007ef4       0xbf C:\Users\Emilie1\Documents\MCUXpressoIDE_10.0.2_411\workspace\lpc_chip_40xx\Debug\liblpc_chip_40xx.a(fpu_init.o)
 .debug_macro   0x00007fb3      0x22c C:\Users\Emilie1\Documents\MCUXpressoIDE_10.0.2_411\workspace\lpc_chip_40xx\Debug\liblpc_chip_40xx.a(iocon_17xx_40xx.o)
 .debug_macro   0x000081df      0x22c C:\Users\Emilie1\Documents\MCUXpressoIDE_10.0.2_411\workspace\lpc_chip_40xx\Debug\liblpc_chip_40xx.a(sysctl_17xx_40xx.o)
 .debug_macro   0x0000840b      0x22c C:\Users\Emilie1\Documents\MCUXpressoIDE_10.0.2_411\workspace\lpc_chip_40xx\Debug\liblpc_chip_40xx.a(sysinit_17xx_40xx.o)

.debug_line     0x00000000     0x5d13
 .debug_line    0x00000000       0xe1 ./example/src/cr_startup_lpc40xx.o
 .debug_line    0x000000e1      0x2f2 ./example/src/hid_desc.o
 .debug_line    0x000003d3      0x7ae ./example/src/hid_main.o
 .debug_line    0x00000b81      0x80a ./example/src/hid_mouse.o
 .debug_line    0x0000138b      0x583 ./example/src/sysinit.o
 .debug_line    0x0000190e      0xb7f C:\Users\Emilie1\Documents\MCUXpressoIDE_10.0.2_411\workspace\lpc_board_ea_devkit_4088\Debug\liblpc_board_ea_devkit_4088.a(board.o)
 .debug_line    0x0000248d      0x634 C:\Users\Emilie1\Documents\MCUXpressoIDE_10.0.2_411\workspace\lpc_board_ea_devkit_4088\Debug\liblpc_board_ea_devkit_4088.a(board_sysinit.o)
 .debug_line    0x00002ac1      0x4da C:\Users\Emilie1\Documents\MCUXpressoIDE_10.0.2_411\workspace\lpc_chip_40xx\Debug\liblpc_chip_40xx.a(chip_17xx_40xx.o)
 .debug_line    0x00002f9b      0x79a C:\Users\Emilie1\Documents\MCUXpressoIDE_10.0.2_411\workspace\lpc_chip_40xx\Debug\liblpc_chip_40xx.a(clock_17xx_40xx.o)
 .debug_line    0x00003735      0x653 C:\Users\Emilie1\Documents\MCUXpressoIDE_10.0.2_411\workspace\lpc_chip_40xx\Debug\liblpc_chip_40xx.a(emc_17xx_40xx.o)
 .debug_line    0x00003d88      0x1fc C:\Users\Emilie1\Documents\MCUXpressoIDE_10.0.2_411\workspace\lpc_chip_40xx\Debug\liblpc_chip_40xx.a(fpu_init.o)
 .debug_line    0x00003f84      0x4cd C:\Users\Emilie1\Documents\MCUXpressoIDE_10.0.2_411\workspace\lpc_chip_40xx\Debug\liblpc_chip_40xx.a(iocon_17xx_40xx.o)
 .debug_line    0x00004451      0x4bf C:\Users\Emilie1\Documents\MCUXpressoIDE_10.0.2_411\workspace\lpc_chip_40xx\Debug\liblpc_chip_40xx.a(sysctl_17xx_40xx.o)
 .debug_line    0x00004910      0x569 C:\Users\Emilie1\Documents\MCUXpressoIDE_10.0.2_411\workspace\lpc_chip_40xx\Debug\liblpc_chip_40xx.a(sysinit_17xx_40xx.o)
 .debug_line    0x00004e79      0x192 C:\Users\Emilie1\Documents\MCUXpressoIDE_10.0.2_411\workspace\lpc_chip_40xx\libs\libusbd_40xx_lib.a(mw_usbd_rom_api.o)
 .debug_line    0x0000500b      0x545 C:\Users\Emilie1\Documents\MCUXpressoIDE_10.0.2_411\workspace\lpc_chip_40xx\libs\libusbd_40xx_lib.a(hw_usbd_ip3503.o)
 .debug_line    0x00005550      0x4b9 C:\Users\Emilie1\Documents\MCUXpressoIDE_10.0.2_411\workspace\lpc_chip_40xx\libs\libusbd_40xx_lib.a(mw_usbd_core.o)
 .debug_line    0x00005a09      0x30a C:\Users\Emilie1\Documents\MCUXpressoIDE_10.0.2_411\workspace\lpc_chip_40xx\libs\libusbd_40xx_lib.a(mw_usbd_hiduser.o)

.debug_str      0x00000000    0x1ff3d
 .debug_str     0x00000000     0x272f ./example/src/cr_startup_lpc40xx.o
                               0x2742 (size before relaxing)
 .debug_str     0x0000272f     0x56a8 ./example/src/hid_desc.o
                               0x7c40 (size before relaxing)
 .debug_str     0x00007dd7    0x14497 ./example/src/hid_main.o
                              0x1c390 (size before relaxing)
 .debug_str     0x0001c26e      0x40c ./example/src/hid_mouse.o
                              0x1c3f4 (size before relaxing)
 .debug_str     0x0001c67a       0x19 ./example/src/sysinit.o
                              0x16e8b (size before relaxing)
 .debug_str     0x0001c693     0x15d9 C:\Users\Emilie1\Documents\MCUXpressoIDE_10.0.2_411\workspace\lpc_board_ea_devkit_4088\Debug\liblpc_board_ea_devkit_4088.a(board.o)
                              0x18699 (size before relaxing)
 .debug_str     0x0001dc6c      0x67b C:\Users\Emilie1\Documents\MCUXpressoIDE_10.0.2_411\workspace\lpc_board_ea_devkit_4088\Debug\liblpc_board_ea_devkit_4088.a(board_sysinit.o)
                              0x179ef (size before relaxing)
 .debug_str     0x0001e2e7      0x148 C:\Users\Emilie1\Documents\MCUXpressoIDE_10.0.2_411\workspace\lpc_chip_40xx\Debug\liblpc_chip_40xx.a(chip_17xx_40xx.o)
                              0x16877 (size before relaxing)
 .debug_str     0x0001e42f      0x631 C:\Users\Emilie1\Documents\MCUXpressoIDE_10.0.2_411\workspace\lpc_chip_40xx\Debug\liblpc_chip_40xx.a(clock_17xx_40xx.o)
                              0x16cfe (size before relaxing)
 .debug_str     0x0001ea60      0x4a5 C:\Users\Emilie1\Documents\MCUXpressoIDE_10.0.2_411\workspace\lpc_chip_40xx\Debug\liblpc_chip_40xx.a(emc_17xx_40xx.o)
                              0x168ae (size before relaxing)
 .debug_str     0x0001ef05       0xb5 C:\Users\Emilie1\Documents\MCUXpressoIDE_10.0.2_411\workspace\lpc_chip_40xx\Debug\liblpc_chip_40xx.a(fpu_init.o)
                               0x98ed (size before relaxing)
 .debug_str     0x0001efba       0x46 C:\Users\Emilie1\Documents\MCUXpressoIDE_10.0.2_411\workspace\lpc_chip_40xx\Debug\liblpc_chip_40xx.a(iocon_17xx_40xx.o)
                              0x1620e (size before relaxing)
 .debug_str     0x0001f000       0x87 C:\Users\Emilie1\Documents\MCUXpressoIDE_10.0.2_411\workspace\lpc_chip_40xx\Debug\liblpc_chip_40xx.a(sysctl_17xx_40xx.o)
                              0x16601 (size before relaxing)
 .debug_str     0x0001f087       0xda C:\Users\Emilie1\Documents\MCUXpressoIDE_10.0.2_411\workspace\lpc_chip_40xx\Debug\liblpc_chip_40xx.a(sysinit_17xx_40xx.o)
                              0x164da (size before relaxing)
 .debug_str     0x0001f161      0x72c C:\Users\Emilie1\Documents\MCUXpressoIDE_10.0.2_411\workspace\lpc_chip_40xx\libs\libusbd_40xx_lib.a(mw_usbd_rom_api.o)
                               0x18ed (size before relaxing)
 .debug_str     0x0001f88d      0x363 C:\Users\Emilie1\Documents\MCUXpressoIDE_10.0.2_411\workspace\lpc_chip_40xx\libs\libusbd_40xx_lib.a(hw_usbd_ip3503.o)
                               0x1af0 (size before relaxing)
 .debug_str     0x0001fbf0      0x1cb C:\Users\Emilie1\Documents\MCUXpressoIDE_10.0.2_411\workspace\lpc_chip_40xx\libs\libusbd_40xx_lib.a(mw_usbd_core.o)
                               0x19e5 (size before relaxing)
 .debug_str     0x0001fdbb      0x182 C:\Users\Emilie1\Documents\MCUXpressoIDE_10.0.2_411\workspace\lpc_chip_40xx\libs\libusbd_40xx_lib.a(mw_usbd_hiduser.o)
                               0x19b3 (size before relaxing)

.comment        0x00000000       0xde
 .comment       0x00000000       0x6e ./example/src/cr_startup_lpc40xx.o
                                 0x6f (size before relaxing)
 .comment       0x0000006e       0x6f ./example/src/hid_desc.o
 .comment       0x0000006e       0x6f ./example/src/hid_main.o
 .comment       0x0000006e       0x6f ./example/src/hid_mouse.o
 .comment       0x0000006e       0x6f ./example/src/sysinit.o
 .comment       0x0000006e       0x6f C:\Users\Emilie1\Documents\MCUXpressoIDE_10.0.2_411\workspace\lpc_board_ea_devkit_4088\Debug\liblpc_board_ea_devkit_4088.a(board.o)
 .comment       0x0000006e       0x6f C:\Users\Emilie1\Documents\MCUXpressoIDE_10.0.2_411\workspace\lpc_board_ea_devkit_4088\Debug\liblpc_board_ea_devkit_4088.a(board_sysinit.o)
 .comment       0x0000006e       0x6f C:\Users\Emilie1\Documents\MCUXpressoIDE_10.0.2_411\workspace\lpc_chip_40xx\Debug\liblpc_chip_40xx.a(chip_17xx_40xx.o)
 .comment       0x0000006e       0x6f C:\Users\Emilie1\Documents\MCUXpressoIDE_10.0.2_411\workspace\lpc_chip_40xx\Debug\liblpc_chip_40xx.a(clock_17xx_40xx.o)
 .comment       0x0000006e       0x6f C:\Users\Emilie1\Documents\MCUXpressoIDE_10.0.2_411\workspace\lpc_chip_40xx\Debug\liblpc_chip_40xx.a(emc_17xx_40xx.o)
 .comment       0x0000006e       0x6f C:\Users\Emilie1\Documents\MCUXpressoIDE_10.0.2_411\workspace\lpc_chip_40xx\Debug\liblpc_chip_40xx.a(fpu_init.o)
 .comment       0x0000006e       0x6f C:\Users\Emilie1\Documents\MCUXpressoIDE_10.0.2_411\workspace\lpc_chip_40xx\Debug\liblpc_chip_40xx.a(iocon_17xx_40xx.o)
 .comment       0x0000006e       0x6f C:\Users\Emilie1\Documents\MCUXpressoIDE_10.0.2_411\workspace\lpc_chip_40xx\Debug\liblpc_chip_40xx.a(sysctl_17xx_40xx.o)
 .comment       0x0000006e       0x6f C:\Users\Emilie1\Documents\MCUXpressoIDE_10.0.2_411\workspace\lpc_chip_40xx\Debug\liblpc_chip_40xx.a(sysinit_17xx_40xx.o)
 .comment       0x0000006e       0x70 C:\Users\Emilie1\Documents\MCUXpressoIDE_10.0.2_411\workspace\lpc_chip_40xx\libs\libusbd_40xx_lib.a(mw_usbd_rom_api.o)
                                 0x71 (size before relaxing)
 .comment       0x000000de       0x71 C:\Users\Emilie1\Documents\MCUXpressoIDE_10.0.2_411\workspace\lpc_chip_40xx\libs\libusbd_40xx_lib.a(hw_usbd_ip3503.o)
 .comment       0x000000de       0x71 C:\Users\Emilie1\Documents\MCUXpressoIDE_10.0.2_411\workspace\lpc_chip_40xx\libs\libusbd_40xx_lib.a(mw_usbd_core.o)
 .comment       0x000000de       0x71 C:\Users\Emilie1\Documents\MCUXpressoIDE_10.0.2_411\workspace\lpc_chip_40xx\libs\libusbd_40xx_lib.a(mw_usbd_hiduser.o)
 .comment       0x000000de       0x6f c:/nxp/mcuxpressoide_10.0.2_411/ide/tools/bin/../lib/gcc/arm-none-eabi/5.4.1/../../../../arm-none-eabi/lib/armv7e-m/softfp\libcr_nohost.a(_cr__main.o)
 .comment       0x000000de       0x6f c:/nxp/mcuxpressoide_10.0.2_411/ide/tools/bin/../lib/gcc/arm-none-eabi/5.4.1/../../../../arm-none-eabi/lib/armv7e-m/softfp\libcr_c.a(memcpy.o)
 .comment       0x000000de       0x6f c:/nxp/mcuxpressoide_10.0.2_411/ide/tools/bin/../lib/gcc/arm-none-eabi/5.4.1/../../../../arm-none-eabi/lib/armv7e-m/softfp\libcr_c.a(memset.o)
 .comment       0x000000de       0x6f c:/nxp/mcuxpressoide_10.0.2_411/ide/tools/bin/../lib/gcc/arm-none-eabi/5.4.1/../../../../arm-none-eabi/lib/armv7e-m/softfp\libcr_c.a(initio.o)
 .comment       0x000000de       0x6f c:/nxp/mcuxpressoide_10.0.2_411/ide/tools/bin/../lib/gcc/arm-none-eabi/5.4.1/../../../../arm-none-eabi/lib/armv7e-m/softfp\libcr_c.a(setvbuf.o)
 .comment       0x000000de       0x6f c:/nxp/mcuxpressoide_10.0.2_411/ide/tools/bin/../lib/gcc/arm-none-eabi/5.4.1/../../../../arm-none-eabi/lib/armv7e-m/softfp\libcr_c.a(_fdopen.o)
 .comment       0x000000de       0x6f c:/nxp/mcuxpressoide_10.0.2_411/ide/tools/bin/../lib/gcc/arm-none-eabi/5.4.1/../../../../arm-none-eabi/lib/armv7e-m/softfp\libcr_c.a(fclose.o)
 .comment       0x000000de       0x6f c:/nxp/mcuxpressoide_10.0.2_411/ide/tools/bin/../lib/gcc/arm-none-eabi/5.4.1/../../../../arm-none-eabi/lib/armv7e-m/softfp\libcr_c.a(fflush.o)
 .comment       0x000000de       0x6f c:/nxp/mcuxpressoide_10.0.2_411/ide/tools/bin/../lib/gcc/arm-none-eabi/5.4.1/../../../../arm-none-eabi/lib/armv7e-m/softfp\libcr_c.a(fseek.o)
 .comment       0x000000de       0x6f c:/nxp/mcuxpressoide_10.0.2_411/ide/tools/bin/../lib/gcc/arm-none-eabi/5.4.1/../../../../arm-none-eabi/lib/armv7e-m/softfp\libcr_c.a(ftell.o)
 .comment       0x000000de       0x6f c:/nxp/mcuxpressoide_10.0.2_411/ide/tools/bin/../lib/gcc/arm-none-eabi/5.4.1/../../../../arm-none-eabi/lib/armv7e-m/softfp\libcr_c.a(remove.o)
 .comment       0x000000de       0x6f c:/nxp/mcuxpressoide_10.0.2_411/ide/tools/bin/../lib/gcc/arm-none-eabi/5.4.1/../../../../arm-none-eabi/lib/armv7e-m/softfp\libcr_c.a(strlen.o)
 .comment       0x000000de       0x6f c:/nxp/mcuxpressoide_10.0.2_411/ide/tools/bin/../lib/gcc/arm-none-eabi/5.4.1/../../../../arm-none-eabi/lib/armv7e-m/softfp\libcr_c.a(_do_fflush.o)
 .comment       0x000000de       0x6f c:/nxp/mcuxpressoide_10.0.2_411/ide/tools/bin/../lib/gcc/arm-none-eabi/5.4.1/../../../../arm-none-eabi/lib/armv7e-m/softfp\libcr_c.a(_fflush.o)
 .comment       0x000000de       0x6f c:/nxp/mcuxpressoide_10.0.2_411/ide/tools/bin/../lib/gcc/arm-none-eabi/5.4.1/../../../../arm-none-eabi/lib/armv7e-m/softfp\libcr_c.a(_writebuf.o)
 .comment       0x000000de       0x6f c:/nxp/mcuxpressoide_10.0.2_411/ide/tools/bin/../lib/gcc/arm-none-eabi/5.4.1/../../../../arm-none-eabi/lib/armv7e-m/softfp\libcr_c.a(alloc.o)
 .comment       0x000000de       0x6f c:/nxp/mcuxpressoide_10.0.2_411/ide/tools/bin/../lib/gcc/arm-none-eabi/5.4.1/../../../../arm-none-eabi/lib/armv7e-m/softfp\libcr_c.a(errno.o)
 .comment       0x000000de       0x6f c:/nxp/mcuxpressoide_10.0.2_411/ide/tools/bin/../lib/gcc/arm-none-eabi/5.4.1/../../../../arm-none-eabi/lib/armv7e-m/softfp\libcr_c.a(_deferredlazyseek.o)
 .comment       0x000000de       0x6f c:/nxp/mcuxpressoide_10.0.2_411/ide/tools/bin/../lib/gcc/arm-none-eabi/5.4.1/../../../../arm-none-eabi/lib/armv7e-m/softfp\libcr_nohost.a(__ciob.o)
 .comment       0x000000de       0x6f c:/nxp/mcuxpressoide_10.0.2_411/ide/tools/bin/../lib/gcc/arm-none-eabi/5.4.1/../../../../arm-none-eabi/lib/armv7e-m/softfp\libcr_nohost.a(__sys_close.o)
 .comment       0x000000de       0x6f c:/nxp/mcuxpressoide_10.0.2_411/ide/tools/bin/../lib/gcc/arm-none-eabi/5.4.1/../../../../arm-none-eabi/lib/armv7e-m/softfp\libcr_nohost.a(__sys_flen.o)
 .comment       0x000000de       0x6f c:/nxp/mcuxpressoide_10.0.2_411/ide/tools/bin/../lib/gcc/arm-none-eabi/5.4.1/../../../../arm-none-eabi/lib/armv7e-m/softfp\libcr_nohost.a(__sys_istty.o)
 .comment       0x000000de       0x6f c:/nxp/mcuxpressoide_10.0.2_411/ide/tools/bin/../lib/gcc/arm-none-eabi/5.4.1/../../../../arm-none-eabi/lib/armv7e-m/softfp\libcr_nohost.a(__sys_remove.o)
 .comment       0x000000de       0x6f c:/nxp/mcuxpressoide_10.0.2_411/ide/tools/bin/../lib/gcc/arm-none-eabi/5.4.1/../../../../arm-none-eabi/lib/armv7e-m/softfp\libcr_nohost.a(__sys_seek.o)
 .comment       0x000000de       0x6f c:/nxp/mcuxpressoide_10.0.2_411/ide/tools/bin/../lib/gcc/arm-none-eabi/5.4.1/../../../../arm-none-eabi/lib/armv7e-m/softfp\libcr_nohost.a(__sys_tmpnam.o)
 .comment       0x000000de       0x6f c:/nxp/mcuxpressoide_10.0.2_411/ide/tools/bin/../lib/gcc/arm-none-eabi/5.4.1/../../../../arm-none-eabi/lib/armv7e-m/softfp\libcr_nohost.a(__sys_write.o)

.ARM.attributes
                0x00000000       0x33
 .ARM.attributes
                0x00000000       0x37 ./example/src/cr_startup_lpc40xx.o
 .ARM.attributes
                0x00000037       0x37 ./example/src/hid_desc.o
 .ARM.attributes
                0x0000006e       0x37 ./example/src/hid_main.o
 .ARM.attributes
                0x000000a5       0x37 ./example/src/hid_mouse.o
 .ARM.attributes
                0x000000dc       0x37 ./example/src/sysinit.o
 .ARM.attributes
                0x00000113       0x37 C:\Users\Emilie1\Documents\MCUXpressoIDE_10.0.2_411\workspace\lpc_board_ea_devkit_4088\Debug\liblpc_board_ea_devkit_4088.a(board.o)
 .ARM.attributes
                0x0000014a       0x37 C:\Users\Emilie1\Documents\MCUXpressoIDE_10.0.2_411\workspace\lpc_board_ea_devkit_4088\Debug\liblpc_board_ea_devkit_4088.a(board_sysinit.o)
 .ARM.attributes
                0x00000181       0x37 C:\Users\Emilie1\Documents\MCUXpressoIDE_10.0.2_411\workspace\lpc_chip_40xx\Debug\liblpc_chip_40xx.a(chip_17xx_40xx.o)
 .ARM.attributes
                0x000001b8       0x37 C:\Users\Emilie1\Documents\MCUXpressoIDE_10.0.2_411\workspace\lpc_chip_40xx\Debug\liblpc_chip_40xx.a(clock_17xx_40xx.o)
 .ARM.attributes
                0x000001ef       0x37 C:\Users\Emilie1\Documents\MCUXpressoIDE_10.0.2_411\workspace\lpc_chip_40xx\Debug\liblpc_chip_40xx.a(emc_17xx_40xx.o)
 .ARM.attributes
                0x00000226       0x37 C:\Users\Emilie1\Documents\MCUXpressoIDE_10.0.2_411\workspace\lpc_chip_40xx\Debug\liblpc_chip_40xx.a(fpu_init.o)
 .ARM.attributes
                0x0000025d       0x37 C:\Users\Emilie1\Documents\MCUXpressoIDE_10.0.2_411\workspace\lpc_chip_40xx\Debug\liblpc_chip_40xx.a(iocon_17xx_40xx.o)
 .ARM.attributes
                0x00000294       0x37 C:\Users\Emilie1\Documents\MCUXpressoIDE_10.0.2_411\workspace\lpc_chip_40xx\Debug\liblpc_chip_40xx.a(sysctl_17xx_40xx.o)
 .ARM.attributes
                0x000002cb       0x37 C:\Users\Emilie1\Documents\MCUXpressoIDE_10.0.2_411\workspace\lpc_chip_40xx\Debug\liblpc_chip_40xx.a(sysinit_17xx_40xx.o)
 .ARM.attributes
                0x00000302       0x37 C:\Users\Emilie1\Documents\MCUXpressoIDE_10.0.2_411\workspace\lpc_chip_40xx\libs\libusbd_40xx_lib.a(mw_usbd_rom_api.o)
 .ARM.attributes
                0x00000339       0x37 C:\Users\Emilie1\Documents\MCUXpressoIDE_10.0.2_411\workspace\lpc_chip_40xx\libs\libusbd_40xx_lib.a(hw_usbd_ip3503.o)
 .ARM.attributes
                0x00000370       0x37 C:\Users\Emilie1\Documents\MCUXpressoIDE_10.0.2_411\workspace\lpc_chip_40xx\libs\libusbd_40xx_lib.a(mw_usbd_core.o)
 .ARM.attributes
                0x000003a7       0x37 C:\Users\Emilie1\Documents\MCUXpressoIDE_10.0.2_411\workspace\lpc_chip_40xx\libs\libusbd_40xx_lib.a(mw_usbd_hiduser.o)
 .ARM.attributes
                0x000003de       0x37 c:/nxp/mcuxpressoide_10.0.2_411/ide/tools/bin/../lib/gcc/arm-none-eabi/5.4.1/../../../../arm-none-eabi/lib/armv7e-m/softfp\libcr_nohost.a(_cr__main.o)
 .ARM.attributes
                0x00000415       0x37 c:/nxp/mcuxpressoide_10.0.2_411/ide/tools/bin/../lib/gcc/arm-none-eabi/5.4.1/../../../../arm-none-eabi/lib/armv7e-m/softfp\libcr_c.a(memcpy.o)
 .ARM.attributes
                0x0000044c       0x37 c:/nxp/mcuxpressoide_10.0.2_411/ide/tools/bin/../lib/gcc/arm-none-eabi/5.4.1/../../../../arm-none-eabi/lib/armv7e-m/softfp\libcr_c.a(memset.o)
 .ARM.attributes
                0x00000483       0x37 c:/nxp/mcuxpressoide_10.0.2_411/ide/tools/bin/../lib/gcc/arm-none-eabi/5.4.1/../../../../arm-none-eabi/lib/armv7e-m/softfp\libcr_c.a(initio.o)
 .ARM.attributes
                0x000004ba       0x37 c:/nxp/mcuxpressoide_10.0.2_411/ide/tools/bin/../lib/gcc/arm-none-eabi/5.4.1/../../../../arm-none-eabi/lib/armv7e-m/softfp\libcr_c.a(setvbuf.o)
 .ARM.attributes
                0x000004f1       0x37 c:/nxp/mcuxpressoide_10.0.2_411/ide/tools/bin/../lib/gcc/arm-none-eabi/5.4.1/../../../../arm-none-eabi/lib/armv7e-m/softfp\libcr_c.a(_fdopen.o)
 .ARM.attributes
                0x00000528       0x37 c:/nxp/mcuxpressoide_10.0.2_411/ide/tools/bin/../lib/gcc/arm-none-eabi/5.4.1/../../../../arm-none-eabi/lib/armv7e-m/softfp\libcr_c.a(fclose.o)
 .ARM.attributes
                0x0000055f       0x37 c:/nxp/mcuxpressoide_10.0.2_411/ide/tools/bin/../lib/gcc/arm-none-eabi/5.4.1/../../../../arm-none-eabi/lib/armv7e-m/softfp\libcr_c.a(fflush.o)
 .ARM.attributes
                0x00000596       0x37 c:/nxp/mcuxpressoide_10.0.2_411/ide/tools/bin/../lib/gcc/arm-none-eabi/5.4.1/../../../../arm-none-eabi/lib/armv7e-m/softfp\libcr_c.a(fseek.o)
 .ARM.attributes
                0x000005cd       0x37 c:/nxp/mcuxpressoide_10.0.2_411/ide/tools/bin/../lib/gcc/arm-none-eabi/5.4.1/../../../../arm-none-eabi/lib/armv7e-m/softfp\libcr_c.a(ftell.o)
 .ARM.attributes
                0x00000604       0x37 c:/nxp/mcuxpressoide_10.0.2_411/ide/tools/bin/../lib/gcc/arm-none-eabi/5.4.1/../../../../arm-none-eabi/lib/armv7e-m/softfp\libcr_c.a(remove.o)
 .ARM.attributes
                0x0000063b       0x37 c:/nxp/mcuxpressoide_10.0.2_411/ide/tools/bin/../lib/gcc/arm-none-eabi/5.4.1/../../../../arm-none-eabi/lib/armv7e-m/softfp\libcr_c.a(strlen.o)
 .ARM.attributes
                0x00000672       0x37 c:/nxp/mcuxpressoide_10.0.2_411/ide/tools/bin/../lib/gcc/arm-none-eabi/5.4.1/../../../../arm-none-eabi/lib/armv7e-m/softfp\libcr_c.a(_do_fflush.o)
 .ARM.attributes
                0x000006a9       0x37 c:/nxp/mcuxpressoide_10.0.2_411/ide/tools/bin/../lib/gcc/arm-none-eabi/5.4.1/../../../../arm-none-eabi/lib/armv7e-m/softfp\libcr_c.a(_fflush.o)
 .ARM.attributes
                0x000006e0       0x37 c:/nxp/mcuxpressoide_10.0.2_411/ide/tools/bin/../lib/gcc/arm-none-eabi/5.4.1/../../../../arm-none-eabi/lib/armv7e-m/softfp\libcr_c.a(_writebuf.o)
 .ARM.attributes
                0x00000717       0x37 c:/nxp/mcuxpressoide_10.0.2_411/ide/tools/bin/../lib/gcc/arm-none-eabi/5.4.1/../../../../arm-none-eabi/lib/armv7e-m/softfp\libcr_c.a(alloc.o)
 .ARM.attributes
                0x0000074e       0x37 c:/nxp/mcuxpressoide_10.0.2_411/ide/tools/bin/../lib/gcc/arm-none-eabi/5.4.1/../../../../arm-none-eabi/lib/armv7e-m/softfp\libcr_c.a(errno.o)
 .ARM.attributes
                0x00000785       0x37 c:/nxp/mcuxpressoide_10.0.2_411/ide/tools/bin/../lib/gcc/arm-none-eabi/5.4.1/../../../../arm-none-eabi/lib/armv7e-m/softfp\libcr_c.a(_deferredlazyseek.o)
 .ARM.attributes
                0x000007bc       0x25 c:/nxp/mcuxpressoide_10.0.2_411/ide/tools/bin/../lib/gcc/arm-none-eabi/5.4.1/armv7e-m/softfp\libcr_eabihelpers.a(memcpy.o)
 .ARM.attributes
                0x000007e1       0x37 c:/nxp/mcuxpressoide_10.0.2_411/ide/tools/bin/../lib/gcc/arm-none-eabi/5.4.1/../../../../arm-none-eabi/lib/armv7e-m/softfp\libcr_nohost.a(__ciob.o)
 .ARM.attributes
                0x00000818       0x37 c:/nxp/mcuxpressoide_10.0.2_411/ide/tools/bin/../lib/gcc/arm-none-eabi/5.4.1/../../../../arm-none-eabi/lib/armv7e-m/softfp\libcr_nohost.a(__sys_close.o)
 .ARM.attributes
                0x0000084f       0x37 c:/nxp/mcuxpressoide_10.0.2_411/ide/tools/bin/../lib/gcc/arm-none-eabi/5.4.1/../../../../arm-none-eabi/lib/armv7e-m/softfp\libcr_nohost.a(__sys_flen.o)
 .ARM.attributes
                0x00000886       0x37 c:/nxp/mcuxpressoide_10.0.2_411/ide/tools/bin/../lib/gcc/arm-none-eabi/5.4.1/../../../../arm-none-eabi/lib/armv7e-m/softfp\libcr_nohost.a(__sys_istty.o)
 .ARM.attributes
                0x000008bd       0x37 c:/nxp/mcuxpressoide_10.0.2_411/ide/tools/bin/../lib/gcc/arm-none-eabi/5.4.1/../../../../arm-none-eabi/lib/armv7e-m/softfp\libcr_nohost.a(__sys_remove.o)
 .ARM.attributes
                0x000008f4       0x37 c:/nxp/mcuxpressoide_10.0.2_411/ide/tools/bin/../lib/gcc/arm-none-eabi/5.4.1/../../../../arm-none-eabi/lib/armv7e-m/softfp\libcr_nohost.a(__sys_seek.o)
 .ARM.attributes
                0x0000092b       0x37 c:/nxp/mcuxpressoide_10.0.2_411/ide/tools/bin/../lib/gcc/arm-none-eabi/5.4.1/../../../../arm-none-eabi/lib/armv7e-m/softfp\libcr_nohost.a(__sys_tmpnam.o)
 .ARM.attributes
                0x00000962       0x37 c:/nxp/mcuxpressoide_10.0.2_411/ide/tools/bin/../lib/gcc/arm-none-eabi/5.4.1/../../../../arm-none-eabi/lib/armv7e-m/softfp\libcr_nohost.a(__sys_write.o)

.debug_frame    0x00000000     0x1ba4
 .debug_frame   0x00000000      0x170 ./example/src/cr_startup_lpc40xx.o
 .debug_frame   0x00000170       0xb8 ./example/src/hid_main.o
 .debug_frame   0x00000228      0x164 ./example/src/hid_mouse.o
 .debug_frame   0x0000038c       0x34 ./example/src/sysinit.o
 .debug_frame   0x000003c0      0x784 C:\Users\Emilie1\Documents\MCUXpressoIDE_10.0.2_411\workspace\lpc_board_ea_devkit_4088\Debug\liblpc_board_ea_devkit_4088.a(board.o)
 .debug_frame   0x00000b44       0xf8 C:\Users\Emilie1\Documents\MCUXpressoIDE_10.0.2_411\workspace\lpc_board_ea_devkit_4088\Debug\liblpc_board_ea_devkit_4088.a(board_sysinit.o)
 .debug_frame   0x00000c3c       0x70 C:\Users\Emilie1\Documents\MCUXpressoIDE_10.0.2_411\workspace\lpc_chip_40xx\Debug\liblpc_chip_40xx.a(chip_17xx_40xx.o)
 .debug_frame   0x00000cac      0x500 C:\Users\Emilie1\Documents\MCUXpressoIDE_10.0.2_411\workspace\lpc_chip_40xx\Debug\liblpc_chip_40xx.a(clock_17xx_40xx.o)
 .debug_frame   0x000011ac      0x1fc C:\Users\Emilie1\Documents\MCUXpressoIDE_10.0.2_411\workspace\lpc_chip_40xx\Debug\liblpc_chip_40xx.a(emc_17xx_40xx.o)
 .debug_frame   0x000013a8       0x38 C:\Users\Emilie1\Documents\MCUXpressoIDE_10.0.2_411\workspace\lpc_chip_40xx\Debug\liblpc_chip_40xx.a(fpu_init.o)
 .debug_frame   0x000013e0       0x5c C:\Users\Emilie1\Documents\MCUXpressoIDE_10.0.2_411\workspace\lpc_chip_40xx\Debug\liblpc_chip_40xx.a(iocon_17xx_40xx.o)
 .debug_frame   0x0000143c       0x60 C:\Users\Emilie1\Documents\MCUXpressoIDE_10.0.2_411\workspace\lpc_chip_40xx\Debug\liblpc_chip_40xx.a(sysctl_17xx_40xx.o)
 .debug_frame   0x0000149c      0x134 C:\Users\Emilie1\Documents\MCUXpressoIDE_10.0.2_411\workspace\lpc_chip_40xx\Debug\liblpc_chip_40xx.a(sysinit_17xx_40xx.o)
 .debug_frame   0x000015d0      0x2cc C:\Users\Emilie1\Documents\MCUXpressoIDE_10.0.2_411\workspace\lpc_chip_40xx\libs\libusbd_40xx_lib.a(hw_usbd_ip3503.o)
 .debug_frame   0x0000189c      0x234 C:\Users\Emilie1\Documents\MCUXpressoIDE_10.0.2_411\workspace\lpc_chip_40xx\libs\libusbd_40xx_lib.a(mw_usbd_core.o)
 .debug_frame   0x00001ad0       0xd4 C:\Users\Emilie1\Documents\MCUXpressoIDE_10.0.2_411\workspace\lpc_chip_40xx\libs\libusbd_40xx_lib.a(mw_usbd_hiduser.o)

.debug_loc      0x00000000     0x246c
 .debug_loc     0x00000000      0xef8 C:\Users\Emilie1\Documents\MCUXpressoIDE_10.0.2_411\workspace\lpc_chip_40xx\libs\libusbd_40xx_lib.a(hw_usbd_ip3503.o)
 .debug_loc     0x00000ef8      0xe2e C:\Users\Emilie1\Documents\MCUXpressoIDE_10.0.2_411\workspace\lpc_chip_40xx\libs\libusbd_40xx_lib.a(mw_usbd_core.o)
 .debug_loc     0x00001d26      0x746 C:\Users\Emilie1\Documents\MCUXpressoIDE_10.0.2_411\workspace\lpc_chip_40xx\libs\libusbd_40xx_lib.a(mw_usbd_hiduser.o)